30µs
24µs
72µs
25µs
25µs
24µs
25µs
27µs
21µs
21µs
21µs
26µs
25µs
31µs
24µs
24µs
24µs
24µs
25µs
25µs
25µs
25µs
21µs
22µs
25µs
22µs
21µs
21µs
21µs
20µs
21µs
21µs
26µs
21µs
21µs
26µs
25µs
25µs
24µs
21µs
21µs
21µs
24µs
25µs
25µs
24µs
25µs
21µs
21µs
21µs
21µs
21µs
21µs
25µs
26µs
21µs
21µs
22µs
25µs
21µs
21µs
21µs
21µs
21µs
24µs
26µs
24µs
24µs
26µs
21µs
22µs
21µs
21µs
21µs
47µs
25µs
22µs
21µs
21µs
21µs
21µs
21µs
21µs
21µs
21µs
21µs
21µs
21µs
21µs
24µs
24µs
31µs
21µs
23µs
21µs
21µs
21µs
21µs
21µs
25µs
21µs
26µs
21µs
26µs
25µs
25µs
25µs
21µs
21µs
24µs
25µs
22µs
21µs
26µs
26µs
24µs
25µs
21µs
21µs
21µs
21µs
21µs
25µs
24µs
21µs
21µs
21µs
21µs
25µs
24µs
25µs
21µs
21µs
21µs
21µs
25µs
21µs
21µs
21µs
21µs
21µs
21µs
21µs
20µs
21µs
21µs
1495µs
21µs
20µs
20µs
21µs
21µs
24µs
24µs
24µs
20µs
21µs
23µs
24µs
24µs
21µs
21µs
23µs
30µs
25µs
24µs
24µs
21µs
21µs
21µs
21µs
20µs
21µs
21µs
21µs
30µs
25µs
25µs
25µs
21µs
26µs
25µs
25µs
24µs
24µs
21µs
64µs
22µs
22µs
25µs
29µs
26µs
30µs
25µs
25µs
32µs
21µs
21µs
26µs
22µs
25µs
25µs
26µs
21µs
26µs
33µs
26µs
21µs
21µs
26µs
27µs
21µs
26µs
24µs
24µs
24µs
25µs
21µs
21µs
21µs
26µs
21µs
33µs
24µs
25µs
25µs
25µs
22µs
22µs
21µs
21µs
21µs
21µs
21µs
21µs
21µs
21µs
21µs
21µs
26µs
21µs
21µs
20µs
21µs
25µs
25µs
27µs
21µs
25µs
22µs
22µs
21µs
21µs
21µs
21µs
25µs
21µs
25µs
21µs
21µs
21µs
24µs
24µs
28µs
21µs
21µs
26µs
25µs
26µs
21µs
21µs
21µs
21µs
21µs
21µs
21µs
21µs
21µs
30µs
21µs
21µs
21µs
21µs
21µs
21µs
21µs
24µs
25µs
25µs
21µs
21µs
26µs
21µs
27µs
21µs
27µs
26µs
21µs
29µs
21µs
21µs
24µs
26µs
21µs
21µs
21µs
25µs
21µs
25µs
25µs
21µs
21µs
25µs
25µs
25µs
25µs
25µs
25µs
21µs
25µs
1055µs
21µs
22µs
22µs
22µs
24µs
23µs
21µs
26µs
24µs
23µs
23µs
21µs
21µs
32µs
21µs
23µs
24µs
21µs
21µs
21µs
21µs
24µs
26µs
21µs
21µs
24µs
21µs
21µs
21µs
21µs
21µs
21µs
21µs
21µs
21µs
21µs
25µs
21µs
25µs
21µs
24µs
25µs
21µs
21µs
32µs
27µs
30µs
26µs
27µs
27µs
26µs
31µs
26µs
26µs
28µs
32µs
30µs
27µs
29µs
32µs
31µs
27µs
30µs
30µs
27µs
28µs
31µs
27µs
31µs
27µs
34µs
30µs
31µs
33µs
36µs
25µs
21µs
54µs
33µs
21µs
25µs
27µs
24µs
25µs
21µs
26µs
24µs
24µs
37µs
27µs
24µs
23µs
21µs
23µs
73µs
26µs
21µs
21µs
31µs
26µs
25µs
21µs
21µs
26µs
25µs
23µs
21µs
21µs
21µs
21µs
21µs
21µs
21µs
21µs
21µs
21µs
21µs
21µs
21µs
21µs
26µs
21µs
25µs
24µs
21µs
25µs
25µs
47µs
24µs
24µs
21µs
34µs
21µs
25µs
30µs
25µs
24µs
25µs
25µs
21µs
25µs
21µs
21µs
21µs
21µs
26µs
21µs
25µs
21µs
21µs
21µs
21µs
23µs
21µs
25µs
25µs
25µs
21µs
22µs
25µs
26µs
25µs
88µs
26µs
29µs
25µs
25µs
23µs
21µs
21µs
26µs
22µs
26µs
21µs
1070µs
21µs
22µs
21µs
24µs
23µs
30µs
21µs
30µs
24µs
20µs
21µs
25µs
24µs
21µs
21µs
21µs
21µs
21µs
21µs
21µs
26µs
24µs
24µs
24µs
25µs
22µs
21µs
21µs
21µs
21µs
21µs
21µs
24µs
24µs
24µs
21µs
21µs
21µs
21µs
21µs
21µs
21µs
25µs
25µs
24µs
24µs
23µs
21µs
21µs
24µs
24µs
25µs
21µs
21µs
25µs
25µs
24µs
27µs
21µs
21µs
24µs
25µs
23µs
21µs
21µs
21µs
21µs
21µs
21µs
21µs
21µs
21µs
21µs
21µs
21µs
21µs
28µs
21µs
21µs
21µs
21µs
21µs
21µs
38µs
31µs
27µs
25µs
25µs
24µs
25µs
25µs
24µs
21µs
30µs
26µs
24µs
21µs
21µs
25µs
26µs
21µs
21µs
21µs
24µs
21µs
24µs
21µs
21µs
21µs
25µs
24µs
28µs
21µs
21µs
21µs
27µs
25µs
24µs
21µs
21µs
21µs
21µs
24µs
21µs
21µs
21µs
21µs
21µs
26µs
24µs
21µs
24µs
132µs
43µs
24µs
24µs
24µs
24µs
24µs
25µs
22µs
21µs
21µs
21µs
31µs
21µs
25µs
25µs
21µs
25µs
25µs
25µs
25µs
27µs
21µs
21µs
21µs
25µs
33µs
29µs
21µs
21µs
25µs
25µs
24µs
25µs
25µs
24µs
21µs
21µs
21µs
21µs
21µs
21µs
943µs
21µs
20µs
22µs
21µs
20µs
21µs
22µs
22µs
23µs
22µs
22µs
24µs
21µs
27µs
20µs
20µs
23µs
23µs
21µs
21µs
21µs
26µs
21µs
25µs
23µs
21µs
24µs
24µs
21µs
25µs
21µs
24µs
24µs
24µs
29µs
21µs
21µs
21µs
21µs
23µs
21µs
20µs
21µs
25µs
21µs
49µs
26µs
26µs
26µs
26µs
21µs
22µs
21µs
24µs
25µs
23µs
21µs
21µs
21µs
21µs
21µs
21µs
27µs
25µs
39µs
120µs
26µs
21µs
24µs
27µs
24µs
25µs
22µs
21µs
21µs
26µs
21µs
25µs
21µs
21µs
21µs
38µs
21µs
28µs
21µs
24µs
21µs
24µs
25µs
32µs
24µs
25µs
27µs
27µs
28µs
26µs
22µs
25µs
21µs
21µs
29µs
25µs
27µs
25µs
21µs
32µs
27µs
27µs
24µs
22µs
21µs
24µs
23µs
23µs
24µs
24µs
23µs
27µs
23µs
21µs
21µs
21µs
20µs
23µs
24µs
23µs
23µs
23µs
23µs
23µs
24µs
23µs
24µs
23µs
23µs
21µs
20µs
21µs
21µs
21µs
21µs
21µs
21µs
21µs
21µs
23µs
23µs
23µs
25µs
21µs
20µs
21µs
20µs
20µs
26µs
21µs
20µs
23µs
22µs
23µs
20µs
24µs
21µs
20µs
21µs
21µs
24µs
21µs
23µs
22µs
26µs
23µs
23µs
21µs
654µs
29µs
35µs
31µs
24µs
24µs
23µs
23µs
35µs
23µs
23µs
22µs
29µs
23µs
20µs
21µs
21µs
21µs
21µs
21µs
22µs
21µs
21µs
20µs
21µs
25µs
23µs
23µs
23µs
21µs
21µs
21µs
42µs
24µs
23µs
21µs
21µs
20µs
21µs
21µs
21µs
21µs
24µs
24µs
23µs
21µs
21µs
20µs
21µs
21µs
23µs
23µs
49µs
23µs
23µs
20µs
20µs
20µs
29µs
23µs
28µs
39µs
23µs
23µs
23µs
21µs
20µs
20µs
21µs
23µs
20µs
21µs
20µs
21µs
21µs
21µs
23µs
23µs
23µs
21µs
20µs
20µs
21µs
21µs
21µs
23µs
21µs
21µs
21µs
20µs
21µs
21µs
22µs
23µs
23µs
21µs
21µs
30µs
24µs
21µs
43µs
25µs
24µs
21µs
23µs
27µs
27µs
23µs
23µs
82µs
40µs
32µs
25µs
25µs
24µs
25µs
25µs
25µs
26µs
25µs
23µs
22µs
21µs
22µs
23µs
23µs
23µs
23µs
23µs
23µs
21µs
27µs
23µs
21µs
23µs
23µs
21µs
20µs
21µs
23µs
23µs
21µs
20µs
21µs
25µs
21µs
29µs
23µs
22µs
21µs
21µs
23µs
25µs
21µs
24µs
