178µs
143µs
173µs
142µs
142µs
231µs
151µs
174µs
137µs
136µs
141µs
143µs
147µs
142µs
142µs
1070µs
139µs
140µs
181µs
136µs
137µs
134µs
141µs
138µs
138µs
135µs
135µs
135µs
139µs
135µs
139µs
135µs
134µs
134µs
146µs
143µs
141µs
141µs
142µs
135µs
140µs
184µs
172µs
171µs
141µs
146µs
139µs
135µs
135µs
135µs
135µs
142µs
149µs
145µs
139µs
135µs
142µs
142µs
156µs
135µs
157µs
135µs
140µs
167µs
144µs
142µs
143µs
142µs
136µs
139µs
134µs
135µs
135µs
135µs
143µs
143µs
135µs
135µs
135µs
140µs
135µs
136µs
134µs
134µs
135µs
139µs
135µs
216µs
134µs
143µs
142µs
135µs
139µs
134µs
152µs
135µs
134µs
134µs
148µs
153µs
152µs
135µs
1087µs
134µs
168µs
136µs
152µs
135µs
144µs
140µs
146µs
135µs
135µs
148µs
135µs
141µs
141µs
134µs
134µs
135µs
134µs
136µs
142µs
139µs
135µs
140µs
134µs
185µs
142µs
142µs
139µs
140µs
137µs
136µs
151µs
144µs
136µs
140µs
136µs
135µs
135µs
135µs
135µs
139µs
136µs
135µs
173µs
151µs
134µs
134µs
134µs
134µs
143µs
142µs
141µs
135µs
159µs
143µs
143µs
149µs
134µs
149µs
164µs
169µs
141µs
143µs
140µs
141µs
135µs
136µs
135µs
135µs
135µs
135µs
135µs
142µs
143µs
143µs
138µs
148µs
142µs
143µs
143µs
143µs
135µs
198µs
144µs
141µs
141µs
145µs
1265µs
139µs
165µs
233µs
166µs
139µs
136µs
161µs
149µs
176µs
143µs
144µs
140µs
147µs
171µs
155µs
152µs
136µs
144µs
151µs
166µs
147µs
144µs
142µs
141µs
143µs
143µs
136µs
136µs
136µs
135µs
162µs
141µs
142µs
143µs
143µs
135µs
136µs
135µs
136µs
136µs
140µs
136µs
135µs
135µs
134µs
135µs
140µs
135µs
137µs
134µs
135µs
136µs
151µs
143µs
149µs
155µs
157µs
145µs
141µs
136µs
135µs
135µs
134µs
146µs
142µs
144µs
135µs
134µs
135µs
159µs
143µs
142µs
151µs
150µs
140µs
142µs
164µs
137µs
136µs
135µs
139µs
135µs
135µs
135µs
135µs
136µs
1111µs
134µs
137µs
135µs
135µs
133µs
139µs
135µs
159µs
140µs
139µs
137µs
139µs
135µs
135µs
141µs
158µs
135µs
144µs
139µs
136µs
138µs
162µs
142µs
141µs
142µs
136µs
136µs
153µs
150µs
169µs
142µs
154µs
136µs
230µs
195µs
145µs
165µs
147µs
137µs
175µs
138µs
142µs
143µs
141µs
199µs
142µs
143µs
150µs
147µs
135µs
139µs
142µs
141µs
137µs
136µs
160µs
155µs
134µs
143µs
137µs
135µs
140µs
135µs
135µs
139µs
153µs
135µs
179µs
153µs
135µs
134µs
158µs
140µs
137µs
136µs
135µs
135µs
141µs
142µs
141µs
155µs
158µs
137µs
141µs
163µs
137µs
1308µs
156µs
160µs
158µs
156µs
156µs
154µs
168µs
154µs
153µs
154µs
163µs
164µs
162µs
162µs
172µs
164µs
233µs
154µs
163µs
157µs
162µs
163µs
165µs
163µs
160µs
220µs
165µs
180µs
174µs
196µs
144µs
144µs
184µs
168µs
149µs
146µs
144µs
139µs
155µs
147µs
189µs
142µs
143µs
150µs
155µs
143µs
143µs
143µs
141µs
144µs
146µs
146µs
137µs
201µs
214µs
144µs
143µs
136µs
147µs
144µs
144µs
137µs
136µs
136µs
140µs
140µs
135µs
135µs
135µs
135µs
140µs
137µs
135µs
135µs
135µs
135µs
135µs
190µs
164µs
152µs
151µs
150µs
143µs
153µs
143µs
141µs
1366µs
169µs
137µs
135µs
137µs
176µs
148µs
141µs
142µs
142µs
145µs
137µs
136µs
138µs
136µs
135µs
140µs
136µs
136µs
135µs
140µs
138µs
138µs
146µs
141µs
143µs
144µs
135µs
170µs
151µs
142µs
141µs
150µs
143µs
186µs
150µs
148µs
146µs
153µs
143µs
144µs
154µs
145µs
137µs
151µs
144µs
153µs
158µs
143µs
159µs
146µs
135µs
142µs
144µs
135µs
144µs
142µs
146µs
135µs
136µs
135µs
135µs
135µs
139µs
135µs
148µs
142µs
141µs
142µs
146µs
141µs
135µs
135µs
134µs
135µs
139µs
184µs
141µs
141µs
140µs
140µs
135µs
141µs
135µs
134µs
166µs
140µs
174µs
1167µs
135µs
134µs
141µs
135µs
147µs
138µs
144µs
139µs
143µs
140µs
153µs
140µs
140µs
152µs
139µs
174µs
142µs
141µs
135µs
138µs
134µs
140µs
136µs
135µs
135µs
141µs
135µs
136µs
135µs
135µs
135µs
149µs
142µs
136µs
135µs
135µs
135µs
140µs
175µs
158µs
143µs
149µs
154µs
141µs
144µs
142µs
142µs
142µs
148µs
155µs
144µs
152µs
134µs
143µs
144µs
145µs
135µs
134µs
159µs
149µs
170µs
139µs
135µs
135µs
151µs
143µs
141µs
141µs
135µs
136µs
158µs
143µs
142µs
142µs
136µs
135µs
140µs
137µs
142µs
135µs
135µs
136µs
140µs
173µs
142µs
141µs
1095µs
135µs
138µs
136µs
138µs
138µs
139µs
139µs
141µs
136µs
136µs
135µs
140µs
315µs
152µs
166µs
264µs
144µs
143µs
142µs
148µs
146µs
153µs
138µs
136µs
138µs
143µs
217µs
142µs
144µs
136µs
143µs
144µs
169µs
142µs
143µs
143µs
145µs
137µs
135µs
135µs
135µs
135µs
140µs
144µs
142µs
142µs
142µs
137µs
139µs
167µs
143µs
142µs
142µs
149µs
142µs
145µs
141µs
161µs
134µs
141µs
142µs
142µs
151µs
156µs
136µs
135µs
140µs
141µs
139µs
153µs
146µs
135µs
192µs
138µs
135µs
141µs
148µs
163µs
162µs
135µs
135µs
140µs
139µs
142µs
134µs
135µs
1111µs
139µs
135µs
209µs
150µs
145µs
174µs
148µs
143µs
137µs
137µs
138µs
143µs
141µs
142µs
136µs
140µs
140µs
135µs
147µs
142µs
142µs
181µs
221µs
172µs
135µs
159µs
135µs
143µs
143µs
135µs
137µs
155µs
149µs
144µs
144µs
137µs
137µs
136µs
154µs
137µs
155µs
137µs
135µs
172µs
144µs
157µs
150µs
153µs
242µs
155µs
146µs
206µs
148µs
137µs
143µs
136µs
137µs
144µs
139µs
155µs
146µs
175µs
228µs
146µs
145µs
145µs
136µs
207µs
139µs
138µs
203µs
413µs
139µs
161µs
143µs
143µs
136µs
161µs
136µs
163µs
140µs
174µs
144µs
140µs
155µs
139µs
665µs
167µs
136µs
142µs
135µs
136µs
134µs
140µs
135µs
133µs
135µs
135µs
135µs
139µs
136µs
167µs
137µs
138µs
136µs
136µs
135µs
135µs
135µs
134µs
134µs
134µs
135µs
202µs
138µs
138µs
141µs
138µs
138µs
134µs
155µs
134µs
140µs
139µs
180µs
138µs
154µs
157µs
139µs
138µs
149µs
171µs
287µs
142µs
181µs
144µs
184µs
139µs
139µs
190µs
139µs
138µs
138µs
138µs
138µs
135µs
135µs
135µs
134µs
136µs
140µs
136µs
135µs
134µs
140µs
135µs
139µs
138µs
148µs
140µs
140µs
135µs
135µs
139µs
137µs
136µs
139µs
136µs
135µs
135µs
134µs
135µs
172µs
669µs
134µs
154µs
135µs
135µs
135µs
137µs
157µs
136µs
136µs
141µs
138µs
139µs
139µs
136µs
147µs
139µs
139µs
145µs
139µs
139µs
139µs
138µs
135µs
141µs
134µs
135µs
139µs
134µs
135µs
139µs
134µs
134µs
158µs
139µs
138µs
141µs
135µs
136µs
135µs
135µs
135µs
146µs
140µs
135µs
140µs
135µs
136µs
139µs
135µs
138µs
138µs
137µs
134µs
267µs
170µs
159µs
212µs
198µs
141µs
139µs
166µs
140µs
140µs
220µs
139µs
148µs
254µs
221µs
142µs
142µs
153µs
168µs
157µs
142µs
153µs
244µs
138µs
139µs
140µs
153µs
148µs
138µs
138µs
138µs
148µs
140µs
142µs
628µs
135µs
141µs
168µs
137µs
136µs
135µs
135µs
151µs
138µs
136µs
134µs
137µs
135µs
135µs
171µs
140µs
149µs
134µs
141µs
134µs
142µs
144µs
263µs
440µs
