27µs
28µs
26µs
22µs
22µs
34µs
26µs
26µs
25µs
23µs
22µs
22µs
22µs
25µs
25µs
26µs
22µs
26µs
27µs
976µs
22µs
21µs
21µs
22µs
22µs
24µs
25µs
22µs
22µs
22µs
22µs
22µs
22µs
22µs
22µs
23µs
29µs
24µs
22µs
22µs
22µs
22µs
22µs
26µs
26µs
26µs
26µs
22µs
22µs
22µs
22µs
26µs
25µs
25µs
25µs
25µs
26µs
26µs
22µs
22µs
23µs
22µs
53µs
27µs
26µs
26µs
22µs
22µs
22µs
22µs
25µs
22µs
22µs
22µs
26µs
25µs
26µs
22µs
22µs
22µs
31µs
25µs
26µs
26µs
24µs
22µs
25µs
22µs
22µs
22µs
26µs
22µs
22µs
22µs
22µs
22µs
29µs
27µs
31µs
22µs
23µs
22µs
23µs
26µs
22µs
22µs
22µs
22µs
26µs
25µs
24µs
22µs
22µs
22µs
22µs
22µs
22µs
23µs
22µs
26µs
26µs
25µs
22µs
22µs
28µs
26µs
25µs
26µs
22µs
22µs
22µs
22µs
26µs
25µs
25µs
22µs
22µs
25µs
25µs
26µs
22µs
22µs
26µs
25µs
22µs
22µs
22µs
27µs
22µs
29µs
26µs
23µs
26µs
26µs
26µs
35µs
54µs
27µs
25µs
22µs
26µs
22µs
22µs
26µs
26µs
25µs
22µs
25µs
29µs
22µs
25µs
34µs
26µs
25µs
22µs
22µs
22µs
27µs
26µs
25µs
22µs
26µs
25µs
26µs
25µs
25µs
28µs
26µs
26µs
27µs
26µs
22µs
22µs
22µs
40165µs
30µs
22µs
22µs
27µs
22µs
20µs
24µs
23µs
21µs
21µs
21µs
21µs
21µs
23µs
21µs
21µs
21µs
21µs
21µs
21µs
21µs
21µs
21µs
21µs
21µs
21µs
21µs
21µs
21µs
26µs
24µs
25µs
26µs
26µs
26µs
26µs
26µs
23µs
21µs
30µs
34µs
26µs
82µs
25µs
22µs
26µs
25µs
21µs
21µs
21µs
21µs
27µs
21µs
24µs
26µs
24µs
23µs
21µs
25µs
21µs
21µs
21µs
25µs
22µs
21µs
25µs
25µs
21µs
21µs
21µs
24µs
21µs
21µs
21µs
21µs
21µs
25µs
25µs
34µs
26µs
60µs
23µs
21µs
30µs
26µs
25µs
25µs
21µs
21µs
21µs
25µs
26µs
21µs
21µs
23µs
21µs
21µs
21µs
21µs
24µs
28µs
25µs
25µs
25µs
21µs
25µs
21µs
21µs
25µs
25µs
26µs
21µs
21µs
22µs
21µs
21µs
21µs
21µs
29µs
22µs
25µs
25µs
25µs
21µs
21µs
21µs
21µs
24µs
24µs
21µs
26µs
25µs
25µs
24µs
22µs
21µs
22µs
21µs
21µs
21µs
21µs
31µs
25µs
25µs
40µs
25µs
25µs
29µs
25µs
25µs
25µs
21µs
21µs
32µs
26µs
21µs
23µs
28µs
25µs
24µs
25µs
21µs
21µs
22µs
21µs
21µs
21µs
21µs
21µs
21µs
25µs
24µs
25µs
25µs
972µs
20µs
21µs
21µs
21µs
21µs
21µs
21µs
21µs
21µs
21µs
22µs
21µs
43µs
28µs
21µs
21µs
20µs
24µs
24µs
26µs
24µs
24µs
24µs
21µs
27µs
21µs
21µs
21µs
21µs
27µs
21µs
26µs
21µs
21µs
21µs
21µs
26µs
25µs
21µs
25µs
21µs
22µs
25µs
25µs
26µs
27µs
21µs
25µs
25µs
21µs
21µs
21µs
25µs
21µs
21µs
21µs
24µs
21µs
21µs
21µs
22µs
31µs
32µs
25µs
28µs
26µs
25µs
21µs
25µs
36µs
26µs
26µs
24µs
25µs
26µs
27µs
23µs
24µs
21µs
28µs
25µs
21µs
21µs
21µs
21µs
22µs
29µs
25µs
21µs
26µs
25µs
26µs
67µs
26µs
21µs
21µs
21µs
21µs
22µs
21µs
21µs
21µs
21µs
21µs
26µs
27µs
25µs
26µs
25µs
22µs
21µs
25µs
28µs
21µs
25µs
26µs
25µs
22µs
28µs
22µs
21µs
21µs
21µs
21µs
25µs
21µs
21µs
21µs
21µs
26µs
25µs
25µs
21µs
21µs
26µs
22µs
25µs
24µs
25µs
21µs
33µs
25µs
25µs
21µs
21µs
21µs
21µs
21µs
25µs
21µs
22µs
22µs
25µs
23µs
25µs
29µs
25µs
26µs
21µs
21µs
25µs
22µs
21µs
25µs
21µs
21µs
25µs
45µs
27µs
25µs
25µs
33µs
26µs
25µs
1341µs
24µs
23µs
24µs
28µs
35µs
25µs
25µs
30µs
24µs
27µs
28µs
28µs
24µs
45µs
28µs
63µs
29µs
27µs
27µs
23µs
26µs
22µs
25µs
24µs
34µs
25µs
21µs
25µs
26µs
25µs
26µs
25µs
26µs
29µs
26µs
24µs
21µs
26µs
26µs
28µs
26µs
25µs
46µs
24µs
27µs
25µs
24µs
25µs
21µs
21µs
25µs
25µs
25µs
22µs
25µs
25µs
25µs
26µs
25µs
26µs
27µs
25µs
26µs
25µs
25µs
21µs
21µs
21µs
25µs
24µs
21µs
21µs
21µs
27µs
29µs
21µs
21µs
21µs
25µs
21µs
21µs
25µs
27µs
44µs
32µs
33µs
23µs
27µs
26µs
26µs
25µs
25µs
26µs
25µs
26µs
26µs
21µs
21µs
25µs
21µs
27µs
25µs
21µs
26µs
21µs
22µs
21µs
21µs
21µs
21µs
21µs
21µs
21µs
21µs
21µs
26µs
33µs
22µs
21µs
21µs
21µs
26µs
26µs
22µs
32µs
29µs
34µs
21µs
27µs
32µs
28µs
21µs
22µs
25µs
26µs
25µs
21µs
26µs
27µs
25µs
25µs
26µs
21µs
21µs
21µs
21µs
25µs
21µs
21µs
21µs
21µs
21µs
25µs
25µs
22µs
21µs
21µs
37µs
23µs
21µs
21µs
26µs
26µs
21µs
21µs
27µs
30µs
27µs
21µs
36µs
27µs
27µs
28µs
26µs
1103µs
28µs
22µs
29µs
142µs
25µs
26µs
25µs
21µs
26µs
23µs
22µs
27µs
28µs
113µs
26µs
22µs
25µs
25µs
27µs
27µs
25µs
25µs
48µs
26µs
26µs
26µs
23µs
26µs
27µs
26µs
30µs
25µs
21µs
66µs
25µs
21µs
21µs
21µs
26µs
25µs
25µs
22µs
25µs
25µs
25µs
21µs
21µs
22µs
27µs
27µs
25µs
25µs
25µs
22µs
21µs
21µs
24µs
21µs
21µs
21µs
21µs
21µs
21µs
25µs
21µs
23µs
22µs
21µs
21µs
21µs
21µs
21µs
44µs
25µs
25µs
21µs
21µs
21µs
21µs
21µs
21µs
21µs
21µs
21µs
27µs
22µs
22µs
25µs
25µs
30µs
26µs
25µs
26µs
66µs
27µs
21µs
106µs
34µs
22µs
21µs
26µs
23µs
22µs
22µs
21µs
22µs
26µs
26µs
21µs
26µs
21µs
24µs
178µs
27µs
22µs
22µs
26µs
22µs
22µs
26µs
25µs
22µs
26µs
22µs
25µs
22µs
26µs
21µs
28µs
25µs
22µs
22µs
26µs
26µs
26µs
25µs
21µs
23µs
25µs
21µs
29µs
21µs
21µs
33µs
25µs
21µs
22µs
30µs
29µs
30µs
25µs
28µs
24µs
30µs
30µs
24µs
29µs
33µs
24µs
28µs
28µs
28µs
29µs
38µs
28µs
26µs
24µs
24µs
29µs
24µs
29µs
28µs
28µs
24µs
1085µs
24µs
30µs
24µs
24µs
28µs
26µs
71µs
22µs
24µs
34µs
22µs
22µs
22µs
22µs
22µs
26µs
26µs
26µs
21µs
21µs
30µs
25µs
39µs
25µs
29µs
25µs
30µs
28µs
24µs
32µs
32µs
26µs
24µs
24µs
24µs
36µs
24µs
29µs
24µs
28µs
28µs
28µs
24µs
28µs
24µs
24µs
27µs
26µs
27µs
26µs
27µs
37µs
26µs
25µs
21µs
23µs
23µs
22µs
25µs
21µs
26µs
29µs
26µs
23µs
22µs
22µs
22µs
26µs
25µs
22µs
22µs
26µs
25µs
21µs
22µs
22µs
24µs
26µs
22µs
21µs
26µs
25µs
21µs
21µs
21µs
25µs
21µs
26µs
25µs
26µs
22µs
34µs
26µs
21µs
21µs
21µs
26µs
26µs
26µs
29µs
21µs
21µs
25µs
25µs
26µs
