153µs
143µs
143µs
137µs
158µs
215µs
155µs
142µs
143µs
137µs
136µs
176µs
154µs
142µs
142µs
142µs
187µs
148µs
141µs
142µs
139µs
142µs
143µs
142µs
142µs
141µs
137µs
139µs
136µs
135µs
135µs
135µs
136µs
140µs
181µs
141µs
141µs
143µs
135µs
141µs
135µs
135µs
140µs
140µs
159µs
142µs
153µs
135µs
135µs
136µs
166µs
142µs
141µs
158µs
144µs
139µs
172µs
153µs
135µs
135µs
135µs
144µs
1178µs
134µs
135µs
136µs
141µs
135µs
135µs
136µs
139µs
138µs
140µs
161µs
141µs
140µs
136µs
138µs
139µs
135µs
143µs
141µs
142µs
141µs
140µs
137µs
144µs
134µs
134µs
135µs
136µs
135µs
135µs
135µs
135µs
135µs
193µs
142µs
141µs
135µs
134µs
141µs
161µs
135µs
134µs
136µs
135µs
153µs
143µs
142µs
156µs
137µs
140µs
135µs
151µs
135µs
161µs
135µs
140µs
142µs
142µs
140µs
136µs
138µs
139µs
142µs
141µs
141µs
136µs
144µs
136µs
145µs
142µs
142µs
137µs
140µs
135µs
142µs
142µs
138µs
135µs
170µs
141µs
145µs
135µs
135µs
135µs
135µs
137µs
187µs
154µs
158µs
164µs
156µs
175µs
157µs
180µs
158µs
153µs
175µs
156µs
161µs
201µs
155µs
157µs
175µs
173µs
158µs
173µs
165µs
169µs
170µs
157µs
152µs
156µs
156µs
160µs
158µs
155µs
157µs
157µs
156µs
190µs
156µs
155µs
104525µs
143µs
142µs
159µs
142µs
143µs
153µs
135µs
135µs
150µs
144µs
140µs
138µs
150µs
141µs
195µs
142µs
138µs
136µs
135µs
140µs
135µs
137µs
142µs
136µs
135µs
140µs
136µs
134µs
135µs
136µs
137µs
144µs
137µs
138µs
135µs
137µs
137µs
328µs
143µs
144µs
180µs
202µs
152µs
190µs
148µs
143µs
135µs
152µs
144µs
160µs
1131µs
142µs
137µs
154µs
161µs
141µs
149µs
136µs
135µs
135µs
165µs
136µs
150µs
141µs
141µs
139µs
136µs
138µs
136µs
136µs
152µs
142µs
140µs
192µs
141µs
139µs
141µs
135µs
142µs
134µs
135µs
135µs
139µs
134µs
140µs
145µs
136µs
143µs
221µs
143µs
138µs
138µs
184µs
153µs
190µs
156µs
136µs
139µs
194µs
143µs
137µs
135µs
136µs
135µs
140µs
135µs
135µs
142µs
142µs
146µs
189µs
163µs
135µs
142µs
136µs
140µs
170µs
143µs
141µs
141µs
134µs
142µs
136µs
135µs
135µs
136µs
152µs
143µs
142µs
142µs
141µs
137µs
140µs
135µs
134µs
135µs
142µs
140µs
1140µs
135µs
135µs
150µs
145µs
134µs
164µs
135µs
135µs
148µs
136µs
150µs
168µs
141µs
141µs
142µs
141µs
176µs
150µs
151µs
141µs
143µs
140µs
184µs
149µs
134µs
139µs
135µs
141µs
141µs
142µs
141µs
136µs
140µs
137µs
135µs
135µs
135µs
136µs
142µs
165µs
142µs
141µs
142µs
136µs
146µs
139µs
144µs
134µs
135µs
135µs
139µs
138µs
135µs
135µs
135µs
135µs
141µs
153µs
158µs
147µs
136µs
135µs
144µs
154µs
143µs
140µs
141µs
147µs
136µs
156µs
135µs
135µs
135µs
141µs
151µs
146µs
147µs
135µs
141µs
163µs
152µs
142µs
142µs
141µs
142µs
136µs
1173µs
135µs
135µs
136µs
134µs
136µs
139µs
137µs
136µs
141µs
161µs
144µs
135µs
135µs
135µs
142µs
135µs
135µs
170µs
136µs
170µs
142µs
303µs
215µs
142µs
140µs
149µs
143µs
152µs
291µs
144µs
139µs
162µs
150µs
143µs
146µs
147µs
138µs
181µs
143µs
138µs
135µs
137µs
143µs
143µs
144µs
144µs
149µs
144µs
172µs
139µs
143µs
141µs
136µs
141µs
139µs
136µs
134µs
135µs
137µs
140µs
149µs
184µs
149µs
144µs
150µs
143µs
142µs
136µs
150µs
142µs
155µs
136µs
210µs
144µs
151µs
148µs
148µs
135µs
136µs
134µs
135µs
151µs
141µs
137µs
135µs
135µs
1173µs
134µs
183µs
137µs
135µs
142µs
140µs
139µs
139µs
141µs
135µs
135µs
141µs
141µs
138µs
137µs
138µs
141µs
135µs
140µs
141µs
137µs
141µs
156µs
142µs
165µs
146µs
144µs
141µs
135µs
135µs
138µs
142µs
136µs
134µs
135µs
167µs
147µs
229µs
815µs
157µs
153µs
142µs
164µs
151µs
143µs
173µs
160µs
151µs
185µs
161µs
160µs
153µs
153µs
153µs
197µs
159µs
160µs
165µs
153µs
170µs
153µs
186µs
230µs
226µs
149µs
209µs
178µs
175µs
144µs
179µs
143µs
144µs
184µs
144µs
144µs
168µs
143µs
147µs
153µs
162µs
151µs
136µs
232µs
145µs
193µs
150µs
1594µs
274µs
147µs
214µs
143µs
142µs
220µs
146µs
136µs
135µs
153µs
196µs
149µs
148µs
142µs
142µs
150µs
146µs
206µs
139µs
143µs
153µs
141µs
143µs
140µs
135µs
136µs
193µs
144µs
136µs
149µs
135µs
135µs
149µs
136µs
135µs
135µs
156µs
145µs
135µs
198µs
219µs
147µs
241µs
152µs
150µs
158µs
188µs
233µs
145µs
143µs
146µs
143µs
143µs
142µs
143µs
135µs
150µs
145µs
182µs
146µs
140µs
135µs
142µs
142µs
135µs
134µs
134µs
136µs
135µs
143µs
135µs
140µs
135µs
175µs
142µs
143µs
136µs
134µs
135µs
165µs
310µs
160µs
138µs
336µs
158µs
161µs
1373µs
148µs
136µs
168µs
135µs
143µs
141µs
165µs
142µs
135µs
144µs
136µs
143µs
142µs
136µs
136µs
141µs
135µs
140µs
143µs
135µs
136µs
139µs
136µs
153µs
142µs
136µs
135µs
139µs
171µs
150µs
136µs
135µs
141µs
151µs
134µs
135µs
440µs
144µs
149µs
144µs
174µs
152µs
147µs
155µs
146µs
161µs
154µs
146µs
143µs
262µs
151µs
147µs
154µs
147µs
142µs
145µs
140µs
152µs
205µs
144µs
145µs
145µs
190µs
156µs
145µs
208µs
152µs
158µs
156µs
151µs
143µs
146µs
146µs
200µs
151µs
144µs
146µs
143µs
193µs
143µs
143µs
144µs
146µs
136µs
175µs
144µs
144µs
1183µs
150µs
144µs
139µs
143µs
135µs
150µs
141µs
180µs
141µs
141µs
142µs
135µs
140µs
136µs
135µs
135µs
135µs
137µs
141µs
136µs
161µs
144µs
140µs
135µs
144µs
135µs
135µs
134µs
134µs
135µs
141µs
143µs
144µs
142µs
135µs
135µs
140µs
135µs
135µs
136µs
137µs
135µs
284µs
144µs
136µs
164µs
144µs
144µs
156µs
159µs
150µs
151µs
144µs
145µs
212µs
265µs
152µs
136µs
173µs
144µs
136µs
136µs
136µs
138µs
169µs
142µs
145µs
137µs
147µs
146µs
145µs
185µs
143µs
138µs
151µs
143µs
138µs
144µs
146µs
148µs
137µs
137µs
137µs
135µs
156µs
141µs
1138µs
135µs
137µs
164µs
156µs
139µs
140µs
140µs
140µs
137µs
142µs
148µs
136µs
151µs
135µs
135µs
143µs
154µs
135µs
284µs
205µs
276µs
163µs
155µs
187µs
166µs
175µs
162µs
162µs
161µs
152µs
153µs
165µs
163µs
154µs
153µs
159µs
161µs
153µs
152µs
211µs
163µs
165µs
161µs
165µs
153µs
154µs
160µs
170µs
162µs
153µs
161µs
228µs
162µs
156µs
143µs
163µs
145µs
140µs
154µs
142µs
137µs
180µs
145µs
145µs
141µs
137µs
135µs
176µs
159µs
165µs
177µs
165µs
263µs
161µs
160µs
153µs
160µs
159µs
153µs
155µs
153µs
197µs
158µs
172µs
156µs
205µs
1273µs
180µs
155µs
152µs
180µs
155µs
191µs
166µs
171µs
146µs
144µs
173µs
683µs
150µs
143µs
205µs
136µs
142µs
144µs
140µs
153µs
144µs
143µs
144µs
141µs
137µs
137µs
149µs
144µs
145µs
137µs
136µs
143µs
135µs
136µs
143µs
135µs
194µs
143µs
135µs
158µs
143µs
138µs
135µs
135µs
145µs
145µs
135µs
148µs
169µs
154µs
135µs
144µs
138µs
135µs
135µs
151µs
155µs
143µs
183µs
150µs
135µs
135µs
143µs
143µs
141µs
