224µs
199µs
235µs
171µs
373µs
228µs
170µs
196µs
1114µs
190µs
168µs
172µs
244µs
219µs
245µs
256µs
776µs
321µs
178µs
177µs
188µs
175µs
170µs
194µs
296µs
196µs
247µs
182µs
173µs
229µs
172µs
187µs
1120µs
178µs
162µs
166µs
182µs
163µs
195µs
239µs
176µs
174µs
177µs
310µs
190µs
193µs
172µs
169µs
166µs
211µs
165µs
230µs
184µs
222µs
190µs
173µs
181µs
167µs
181µs
166µs
166µs
171µs
200µs
182µs
360µs
2119µs
195µs
168µs
225µs
168µs
202µs
167µs
167µs
170µs
176µs
172µs
169µs
256µs
211µs
318µs
184µs
182µs
232µs
343µs
174µs
202µs
239µs
184µs
169µs
177µs
170µs
165µs
235µs
160µs
176µs
172µs
203µs
170µs
167µs
180µs
183µs
178µs
169µs
169µs
170µs
228µs
175µs
178µs
210µs
277µs
173µs
325µs
203µs
173µs
178µs
178µs
166µs
182µs
286µs
224µs
175µs
181µs
168µs
169µs
163µs
176µs
193µs
167µs
171µs
172µs
3625µs
144µs
172µs
152µs
178µs
164µs
163µs
1156µs
145µs
149µs
146µs
146µs
147µs
191µs
143µs
153µs
150µs
144µs
150µs
156µs
160µs
148µs
390µs
175µs
150µs
153µs
183µs
166µs
228µs
367µs
177µs
154µs
232µs
168µs
153µs
156µs
167µs
150µs
170µs
176µs
154µs
179µs
172µs
360µs
273µs
176µs
156µs
160µs
167µs
266µs
274µs
193µs
157µs
152µs
171µs
153µs
150µs
163µs
199µs
157µs
203µs
178µs
241µs
213µs
164µs
157µs
166µs
186µs
165µs
167µs
162µs
158µs
157µs
157µs
229µs
162µs
191µs
153µs
177µs
173µs
156µs
160µs
170µs
155µs
158µs
200µs
184µs
247µs
374µs
257µs
225µs
283µs
171µs
151µs
182µs
165µs
185µs
174µs
173µs
169µs
178µs
177µs
174µs
196µs
180µs
259µs
189µs
229µs
171µs
176µs
178µs
193µs
181µs
169µs
187µs
182µs
201µs
171µs
356µs
194µs
171µs
175µs
270µs
173µs
167µs
172µs
165µs
167µs
173µs
169µs
176µs
5991µs
144µs
169µs
154µs
158µs
178µs
161µs
156µs
149µs
158µs
153µs
159µs
161µs
159µs
188µs
169µs
201µs
154µs
268µs
159µs
154µs
153µs
161µs
154µs
172µs
150µs
168µs
163µs
159µs
180µs
203µs
160µs
157µs
158µs
159µs
156µs
158µs
153µs
158µs
156µs
154µs
157µs
157µs
155µs
149µs
151µs
158µs
158µs
195µs
163µs
1061µs
146µs
162µs
151µs
156µs
158µs
152µs
179µs
152µs
153µs
149µs
157µs
171µs
178µs
154µs
244µs
196µs
147µs
169µs
153µs
146µs
157µs
166µs
155µs
149µs
158µs
166µs
159µs
152µs
158µs
160µs
155µs
157µs
157µs
147µs
158µs
188µs
152µs
159µs
158µs
154µs
151µs
369µs
180µs
218µs
180µs
299µs
162µs
163µs
163µs
181µs
167µs
162µs
166µs
194µs
161µs
159µs
158µs
157µs
157µs
164µs
150µs
153µs
160µs
157µs
147µs
151µs
155µs
159µs
161µs
149µs
148µs
154µs
156µs
156µs
184µs
164µs
161µs
163µs
161µs
159µs
335µs
172µs
158µs
262µs
171µs
165µs
155µs
1256µs
149µs
144µs
145µs
178µs
172µs
156µs
151µs
235µs
172µs
150µs
144µs
145µs
263µs
166µs
175µs
162µs
152µs
149µs
151µs
162µs
157µs
156µs
156µs
164µs
152µs
156µs
157µs
163µs
159µs
186µs
210µs
253µs
443µs
166µs
217µs
262µs
249µs
185µs
160µs
192µs
393µs
193µs
156µs
256µs
258µs
163µs
150µs
149µs
165µs
151µs
271µs
165µs
145µs
156µs
149µs
226µs
264µs
156µs
150µs
247µs
182µs
170µs
156µs
184µs
164µs
173µs
152µs
153µs
155µs
250µs
236µs
159µs
154µs
177µs
172µs
190µs
159µs
175µs
156µs
161µs
151µs
157µs
160µs
152µs
156µs
171µs
216µs
183µs
176µs
171µs
166µs
183µs
179µs
174µs
167µs
174µs
204µs
159µs
172µs
166µs
166µs
170µs
168µs
208µs
159µs
178µs
168µs
162µs
196µs
169µs
165µs
165µs
177µs
240µs
186µs
193µs
202µs
183µs
199µs
311µs
183µs
164µs
189µs
11037µs
203µs
181µs
312µs
163µs
195µs
188µs
158µs
196µs
159µs
157µs
164µs
160µs
157µs
153µs
149µs
153µs
223µs
198µs
163µs
159µs
181µs
156µs
163µs
150µs
158µs
166µs
186µs
175µs
158µs
166µs
186µs
163µs
165µs
175µs
184µs
156µs
158µs
157µs
217µs
162µs
163µs
171µs
184µs
173µs
162µs
162µs
157µs
158µs
160µs
1072µs
145µs
177µs
155µs
162µs
153µs
163µs
149µs
149µs
156µs
164µs
162µs
167µs
158µs
160µs
166µs
157µs
169µs
154µs
154µs
214µs
168µs
174µs
158µs
155µs
161µs
150µs
160µs
160µs
167µs
159µs
151µs
156µs
148µs
157µs
160µs
158µs
158µs
185µs
161µs
154µs
149µs
149µs
149µs
162µs
157µs
156µs
148µs
148µs
153µs
155µs
155µs
155µs
153µs
154µs
155µs
149µs
182µs
229µs
172µs
161µs
159µs
170µs
175µs
172µs
159µs
181µs
312µs
170µs
159µs
155µs
182µs
155µs
221µs
170µs
155µs
155µs
167µs
162µs
257µs
160µs
165µs
275µs
154µs
154µs
144µs
162µs
1119µs
145µs
143µs
144µs
154µs
151µs
152µs
153µs
151µs
151µs
150µs
150µs
149µs
155µs
156µs
156µs
154µs
157µs
159µs
154µs
148µs
148µs
153µs
160µs
161µs
156µs
170µs
168µs
150µs
169µs
154µs
154µs
157µs
154µs
149µs
149µs
156µs
155µs
148µs
148µs
148µs
161µs
149µs
148µs
148µs
149µs
158µs
154µs
150µs
147µs
357µs
173µs
165µs
203µs
155µs
166µs
150µs
171µs
164µs
192µs
312µs
372µs
215µs
181µs
171µs
153µs
333µs
302µs
163µs
154µs
159µs
151µs
153µs
165µs
151µs
162µs
191µs
164µs
153µs
157µs
160µs
171µs
155µs
167µs
163µs
167µs
189µs
182µs
1273µs
152µs
166µs
173µs
167µs
161µs
188µs
149µs
157µs
157µs
194µs
189µs
279µs
199µs
159µs
215µs
159µs
357µs
154µs
167µs
156µs
156µs
274µs
169µs
176µs
162µs
161µs
167µs
159µs
155µs
151µs
198µs
144µs
157µs
154µs
204µs
156µs
275µs
174µs
330µs
182µs
154µs
160µs
153µs
160µs
208µs
275µs
175µs
157µs
153µs
302µs
170µs
165µs
157µs
157µs
152µs
159µs
158µs
168µs
156µs
156µs
157µs
158µs
154µs
171µs
166µs
286µs
192µs
153µs
155µs
181µs
344µs
174µs
150µs
153µs
185µs
172µs
176µs
160µs
162µs
159µs
161µs
186µs
155µs
156µs
148µs
152µs
1418µs
151µs
169µs
186µs
162µs
160µs
273µs
172µs
154µs
153µs
165µs
167µs
160µs
156µs
154µs
188µs
160µs
145µs
169µs
159µs
176µs
163µs
160µs
164µs
159µs
156µs
167µs
157µs
151µs
163µs
322µs
195µs
144µs
156µs
177µs
165µs
155µs
332µs
172µs
222µs
157µs
152µs
146µs
167µs
164µs
171µs
156µs
158µs
165µs
157µs
191µs
196µs
169µs
158µs
154µs
158µs
155µs
176µs
157µs
191µs
165µs
171µs
151µs
154µs
168µs
151µs
150µs
159µs
186µs
229µs
323µs
283µs
159µs
153µs
207µs
157µs
202µs
158µs
157µs
155µs
160µs
163µs
159µs
170µs
153µs
156µs
164µs
1680µs
148µs
155µs
152µs
152µs
164µs
152µs
167µs
154µs
173µs
165µs
152µs
177µs
154µs
211µs
190µs
170µs
160µs
159µs
220µs
238µs
216µs
261µs
174µs
150µs
167µs
169µs
156µs
159µs
160µs
186µs
166µs
161µs
153µs
162µs
168µs
164µs
161µs
158µs
182µs
159µs
161µs
157µs
151µs
190µs
164µs
155µs
151µs
180µs
165µs
171µs
154µs
166µs
461µs
182µs
161µs
170µs
159µs
158µs
242µs
181µs
162µs
185µs
240µs
170µs
152µs
159µs
199µs
204µs
175µs
155µs
200µs
175µs
149µs
301µs
178µs
161µs
185µs
