101µs
60µs
35µs
28µs
135µs
53µs
64µs
49µs
115µs
39µs
36µs
36µs
37µs
50µs
43µs
39µs
317µs
47µs
57µs
50µs
51µs
48µs
58µs
53µs
49µs
51µs
47µs
49µs
41µs
48µs
59µs
44µs
638µs
46µs
52µs
49µs
53µs
47µs
48µs
46µs
86µs
53µs
43µs
52µs
52µs
52µs
58µs
51µs
54µs
64µs
53µs
50µs
49µs
50µs
53µs
47µs
43µs
46µs
50µs
50µs
51µs
49µs
65µs
48µs
46µs
1215µs
56µs
53µs
47µs
47µs
53µs
43µs
45µs
49µs
126µs
45µs
49µs
48µs
53µs
53µs
55µs
48µs
48µs
51µs
76µs
44µs
59µs
51µs
61µs
50µs
47µs
51µs
46µs
115µs
49µs
73µs
52µs
47µs
47µs
52µs
48µs
275µs
46µs
55µs
49µs
48µs
162µs
50µs
137µs
51µs
48µs
47µs
61µs
43µs
59µs
54µs
48µs
50µs
49µs
51µs
58µs
76µs
49µs
50µs
47µs
50µs
45µs
57µs
44µs
49µs
51µs
2270µs
39µs
34µs
29µs
34µs
34µs
34µs
36µs
34µs
30µs
31µs
31µs
31µs
27µs
37µs
32µs
33µs
44µs
33µs
30µs
31µs
31µs
40µs
46µs
35µs
115µs
34µs
36µs
37µs
33µs
35µs
35µs
37µs
36µs
35µs
35µs
35µs
34µs
35µs
33µs
48µs
152µs
34µs
47µs
42µs
35µs
35µs
34µs
34µs
49µs
35µs
35µs
35µs
30µs
38µs
72µs
34µs
34µs
34µs
35µs
43µs
36µs
35µs
40µs
32µs
36µs
33µs
35µs
33µs
34µs
34µs
32µs
28µs
31µs
33µs
53µs
35µs
36µs
32µs
36µs
31µs
35µs
35µs
29µs
37µs
37µs
34µs
34µs
34µs
55µs
34µs
40µs
29µs
35µs
49µs
34µs
34µs
50µs
43µs
33µs
32µs
32µs
35µs
58µs
32µs
38µs
34µs
169µs
30µs
37µs
55µs
46µs
46µs
46µs
45µs
37µs
49µs
47µs
50µs
54µs
49µs
47µs
51µs
47µs
49µs
46µs
48µs
45µs
44µs
38µs
49µs
3322µs
43µs
33µs
32µs
32µs
36µs
34µs
28µs
28µs
36µs
31µs
30µs
31µs
32µs
35µs
37µs
34µs
44µs
37µs
33µs
34µs
35µs
33µs
51µs
35µs
34µs
32µs
31µs
31µs
34µs
33µs
30µs
27µs
29µs
33µs
30µs
28µs
29µs
31µs
31µs
30µs
32µs
30µs
30µs
35µs
29µs
31µs
30µs
35µs
33µs
33µs
33µs
33µs
34µs
31µs
36µs
30µs
35µs
38µs
29µs
33µs
33µs
35µs
35µs
32µs
43µs
1136µs
27µs
29µs
27µs
28µs
38µs
30µs
29µs
33µs
32µs
32µs
30µs
29µs
28µs
38µs
34µs
29µs
34µs
28µs
26µs
35µs
34µs
35µs
36µs
29µs
29µs
41µs
36µs
35µs
34µs
38µs
35µs
34µs
33µs
34µs
33µs
33µs
35µs
32µs
34µs
31µs
37µs
34µs
48µs
35µs
34µs
29µs
30µs
35µs
32µs
30µs
35µs
33µs
28µs
30µs
29µs
36µs
28µs
45µs
34µs
34µs
33µs
31µs
32µs
41µs
41µs
35µs
34µs
35µs
33µs
36µs
43µs
37µs
34µs
31µs
27µs
34µs
34µs
34µs
34µs
44µs
34µs
30µs
30µs
42µs
44µs
35µs
134µs
41µs
35µs
34µs
32µs
31µs
32µs
37µs
28µs
34µs
32µs
31µs
30µs
34µs
29µs
30µs
35µs
42µs
41µs
43µs
41µs
38µs
37µs
37µs
33µs
110µs
33µs
42µs
34µs
43µs
41µs
34µs
32µs
37µs
35µs
34µs
55µs
144µs
35µs
34µs
34µs
45µs
34µs
39µs
34µs
47µs
33µs
37µs
218µs
36µs
36µs
49µs
40µs
31µs
35µs
40µs
33µs
33µs
30µs
34µs
35µs
33µs
37µs
35µs
33µs
33µs
31µs
29µs
42µs
36µs
36µs
34µs
33µs
36µs
33µs
43µs
32µs
32µs
35µs
34µs
34µs
35µs
36µs
35µs
36µs
45µs
35µs
35µs
53µs
55µs
46µs
47µs
50µs
42µs
45µs
47µs
47µs
47µs
45µs
54µs
48µs
44µs
52µs
51µs
49µs
47µs
49µs
46µs
43µs
5993µs
39µs
33µs
31µs
33µs
34µs
32µs
28µs
33µs
30µs
31µs
30µs
34µs
30µs
33µs
41µs
35µs
37µs
33µs
107µs
33µs
32µs
36µs
33µs
30µs
33µs
32µs
44µs
33µs
33µs
33µs
43µs
34µs
36µs
32µs
34µs
33µs
33µs
29µs
34µs
34µs
32µs
32µs
44µs
34µs
35µs
33µs
31µs
31µs
33µs
45µs
32µs
33µs
31µs
34µs
32µs
33µs
37µs
28µs
28µs
35µs
32µs
36µs
38µs
29µs
35µs
42µs
36µs
34µs
35µs
40µs
34µs
33µs
31µs
38µs
30µs
28µs
35µs
33µs
36µs
36µs
28µs
34µs
28µs
40µs
33µs
33µs
26µs
36µs
35µs
29µs
29µs
28µs
29µs
34µs
30µs
34µs
28µs
38µs
34µs
34µs
31µs
30µs
36µs
31µs
32µs
29µs
35µs
50µs
35µs
33µs
34µs
33µs
32µs
34µs
35µs
35µs
32µs
40µs
34µs
57µs
32µs
32µs
34µs
34µs
32µs
32µs
36µs
32µs
34µs
34µs
34µs
34µs
32µs
31µs
29µs
30µs
34µs
36µs
34µs
29µs
30µs
35µs
36µs
35µs
38µs
33µs
29µs
28µs
30µs
35µs
33µs
29µs
1121µs
27µs
29µs
28µs
29µs
29µs
31µs
29µs
33µs
31µs
34µs
34µs
27µs
33µs
45µs
33µs
34µs
29µs
30µs
29µs
34µs
29µs
29µs
29µs
29µs
32µs
30µs
30µs
30µs
33µs
31µs
29µs
29µs
49µs
39µs
34µs
32µs
35µs
32µs
33µs
33µs
39µs
272µs
38µs
35µs
43µs
44µs
35µs
33µs
33µs
43µs
41µs
153µs
39µs
34µs
39µs
42µs
34µs
43µs
33µs
50µs
32µs
35µs
28µs
34µs
40µs
37µs
33µs
33µs
32µs
36µs
35µs
37µs
34µs
31µs
33µs
34µs
56µs
35µs
35µs
44µs
117µs
36µs
39µs
45µs
36µs
34µs
34µs
33µs
39µs
36µs
34µs
36µs
31µs
41µs
32µs
33µs
35µs
39µs
32µs
36µs
34µs
33µs
110µs
33µs
35µs
34µs
48µs
43µs
39µs
35µs
56µs
35µs
35µs
33µs
35µs
35µs
34µs
40µs
33µs
36µs
31µs
35µs
35µs
34µs
34µs
32µs
30µs
32µs
28µs
34µs
35µs
33µs
65µs
33µs
30µs
36µs
35µs
29µs
34µs
39µs
35µs
36µs
38µs
35µs
33µs
43µs
35µs
58µs
34µs
34µs
33µs
32µs
27µs
36µs
32µs
33µs
28µs
33µs
38µs
145µs
33µs
33µs
34µs
34µs
33µs
33µs
32µs
45µs
39µs
34µs
33µs
37µs
35µs
34µs
1705µs
35µs
28µs
31µs
31µs
30µs
32µs
30µs
29µs
30µs
32µs
34µs
34µs
33µs
33µs
26µs
34µs
32µs
37µs
45µs
32µs
36µs
34µs
34µs
34µs
31µs
37µs
34µs
47µs
34µs
30µs
32µs
36µs
29µs
34µs
36µs
36µs
34µs
31µs
42µs
33µs
35µs
35µs
37µs
33µs
53µs
37µs
36µs
43µs
31µs
30µs
31µs
45µs
32µs
37µs
36µs
33µs
31µs
34µs
51µs
35µs
28µs
41µs
29µs
36µs
33µs
38µs
33µs
32µs
32µs
42µs
38µs
42µs
37µs
34µs
32µs
34µs
34µs
32µs
31µs
32µs
37µs
38µs
33µs
36µs
37µs
33µs
41µs
35µs
34µs
38µs
35µs
36µs
37µs
35µs
32µs
35µs
36µs
32µs
33µs
35µs
32µs
39µs
35µs
28µs
34µs
36µs
33µs
33µs
27µs
32µs
31µs
33µs
28µs
30µs
34µs
35µs
31µs
59µs
34µs
31µs
36µs
35µs
47µs
34µs
35µs
32µs
34µs
34µs
46µs
33µs
34µs
33µs
33µs
35µs
37µs
38µs
163µs
37µs
43µs
34µs
34µs
38µs
35µs
35µs
55µs
35µs
35µs
