35µs
25µs
25µs
27µs
32µs
26µs
26µs
25µs
28µs
26µs
25µs
21µs
21µs
21µs
25µs
25µs
21µs
26µs
25µs
21µs
21µs
27µs
21µs
21µs
26µs
30µs
25µs
31µs
26µs
25µs
26µs
26µs
26µs
27µs
26µs
26µs
25µs
21µs
21µs
31µs
31µs
30µs
22µs
26µs
26µs
26µs
22µs
26µs
26µs
27µs
27µs
26µs
25µs
25µs
25µs
21µs
24µs
26µs
25µs
25µs
21µs
32µs
24µs
25µs
21µs
25µs
22µs
25µs
25µs
26µs
60µs
26µs
22µs
27µs
26µs
45µs
33µs
32µs
33µs
34µs
90µs
37µs
33µs
34µs
36µs
33µs
44µs
34µs
37µs
40µs
32µs
57µs
32µs
41µs
43µs
28µs
32µs
20718µs
21µs
21µs
22µs
27µs
21µs
21µs
21µs
21µs
25µs
24µs
30µs
21µs
21µs
27µs
22µs
25µs
25µs
25µs
25µs
21µs
21µs
21µs
21µs
21µs
21µs
21µs
25µs
25µs
22µs
21µs
22µs
21µs
25µs
21µs
21µs
21µs
21µs
21µs
25µs
26µs
25µs
25µs
25µs
34µs
22µs
21µs
27µs
28µs
22µs
25µs
25µs
40µs
33µs
64µs
25µs
25µs
23µs
21µs
22µs
27µs
21µs
21µs
21µs
22µs
21µs
21µs
21µs
21µs
21µs
21µs
21µs
21µs
21µs
21µs
22µs
22µs
26µs
25µs
24µs
24µs
21µs
25µs
25µs
25µs
25µs
26µs
27µs
28µs
22µs
21µs
21µs
21µs
33µs
25µs
21µs
21µs
21µs
21µs
21µs
26µs
24µs
21µs
22µs
25µs
25µs
21µs
21µs
21µs
21µs
26µs
21µs
21µs
21µs
22µs
28µs
30µs
27µs
25µs
22µs
32µs
21µs
25µs
25µs
25µs
25µs
21µs
21µs
21µs
26µs
33µs
25µs
21µs
21µs
26µs
25µs
25µs
25µs
25µs
25µs
21µs
111µs
27µs
26µs
22µs
21µs
21µs
28µs
34µs
25µs
27µs
22µs
21µs
26µs
39µs
29µs
32µs
22µs
26µs
22µs
27µs
27µs
28µs
21µs
21µs
21µs
25µs
25µs
21µs
21µs
35µs
25µs
21µs
22µs
23µs
1058µs
21µs
22µs
23µs
22µs
23µs
22µs
21µs
21µs
21µs
21µs
21µs
22µs
22µs
25µs
26µs
24µs
21µs
21µs
28µs
25µs
42µs
26µs
25µs
21µs
27µs
21µs
21µs
21µs
21µs
28µs
25µs
25µs
28µs
21µs
21µs
22µs
27µs
21µs
27µs
21µs
22µs
27µs
22µs
24µs
24µs
21µs
27µs
26µs
22µs
24µs
21µs
21µs
26µs
25µs
25µs
25µs
21µs
26µs
26µs
26µs
22µs
26µs
26µs
26µs
22µs
26µs
29µs
27µs
29µs
22µs
21µs
21µs
29µs
30µs
21µs
21µs
25µs
21µs
26µs
25µs
21µs
21µs
21µs
21µs
27µs
32µs
26µs
26µs
21µs
21µs
26µs
25µs
29µs
27µs
25µs
25µs
26µs
26µs
21µs
21µs
27µs
28µs
21µs
21µs
21µs
21µs
21µs
27µs
21µs
26µs
25µs
26µs
25µs
26µs
24µs
26µs
25µs
25µs
31µs
28µs
21µs
25µs
28µs
30µs
22µs
27µs
27µs
26µs
22µs
21µs
21µs
29µs
25µs
27µs
26µs
27µs
21µs
25µs
26µs
26µs
28µs
21µs
32µs
24µs
21µs
25µs
25µs
21µs
21µs
21µs
21µs
21µs
35µs
21µs
21µs
27µs
21µs
21µs
21µs
27µs
25µs
25µs
34µs
26µs
29µs
29µs
24µs
25µs
25µs
21µs
26µs
26µs
26µs
25µs
1012µs
21µs
21µs
21µs
21µs
21µs
21µs
21µs
21µs
21µs
22µs
21µs
21µs
24µs
37µs
23µs
24µs
25µs
21µs
21µs
24µs
24µs
24µs
24µs
21µs
21µs
87µs
26µs
35µs
21µs
25µs
30µs
26µs
21µs
37µs
26µs
26µs
21µs
21µs
26µs
26µs
21µs
21µs
21µs
21µs
27µs
25µs
22µs
29µs
21µs
23µs
26µs
27µs
25µs
26µs
24µs
21µs
23µs
25µs
25µs
25µs
21µs
21µs
21µs
21µs
24µs
25µs
27µs
25µs
21µs
21µs
25µs
21µs
21µs
21µs
25µs
24µs
25µs
26µs
27µs
25µs
25µs
24µs
21µs
21µs
31µs
21µs
27µs
21µs
24µs
26µs
33µs
22µs
27µs
27µs
27µs
26µs
27µs
21µs
21µs
24µs
28µs
21µs
29µs
21µs
31µs
25µs
21µs
21µs
21µs
21µs
21µs
25µs
21µs
21µs
28µs
21µs
21µs
25µs
25µs
21µs
21µs
22µs
21µs
22µs
21µs
21µs
21µs
26µs
21µs
21µs
21µs
21µs
26µs
25µs
26µs
25µs
27µs
26µs
36µs
24µs
24µs
21µs
21µs
21µs
21µs
21µs
21µs
21µs
21µs
21µs
26µs
27µs
27µs
26µs
24µs
21µs
44µs
27µs
25µs
25µs
21µs
25µs
25µs
21µs
21µs
21µs
25µs
21µs
21µs
21µs
21µs
21µs
26µs
966µs
21µs
21µs
20µs
21µs
21µs
21µs
23µs
21µs
21µs
21µs
23µs
24µs
29µs
21µs
21µs
24µs
21µs
25µs
21µs
21µs
25µs
29µs
28µs
25µs
25µs
21µs
21µs
25µs
25µs
22µs
21µs
21µs
21µs
27µs
21µs
21µs
21µs
21µs
26µs
21µs
24µs
21µs
21µs
22µs
21µs
25µs
24µs
25µs
25µs
21µs
21µs
30µs
21µs
21µs
21µs
21µs
26µs
21µs
21µs
21µs
26µs
26µs
36µs
31µs
21µs
22µs
24µs
22µs
21µs
21µs
22µs
21µs
25µs
21µs
21µs
21µs
21µs
21µs
25µs
25µs
27µs
21µs
21µs
21µs
26µs
22µs
21µs
21µs
21µs
26µs
24µs
25µs
21µs
21µs
21µs
21µs
25µs
21µs
21µs
21µs
21µs
21µs
21µs
21µs
21µs
21µs
21µs
21µs
25µs
25µs
25µs
21µs
21µs
21µs
21µs
25µs
24µs
21µs
25µs
28µs
22µs
21µs
21µs
21µs
25µs
25µs
21µs
26µs
25µs
26µs
29µs
26µs
27µs
27µs
25µs
21µs
21µs
25µs
21µs
26µs
25µs
21µs
26µs
22µs
22µs
27µs
27µs
33µs
21µs
21µs
22µs
21µs
21µs
21µs
21µs
21µs
21µs
21µs
22µs
26µs
25µs
26µs
25µs
32µs
25µs
24µs
32µs
25µs
25µs
26µs
21µs
25µs
25µs
21µs
1903µs
21µs
21µs
21µs
21µs
21µs
21µs
20µs
21µs
21µs
24µs
21µs
25µs
25µs
24µs
24µs
21µs
21µs
25µs
45µs
25µs
21µs
26µs
25µs
25µs
26µs
21µs
21µs
21µs
30µs
25µs
26µs
27µs
21µs
21µs
24µs
24µs
24µs
21µs
25µs
27µs
21µs
21µs
42µs
25µs
50µs
26µs
24µs
24µs
25µs
25µs
25µs
24µs
21µs
21µs
21µs
21µs
21µs
21µs
25µs
21µs
25µs
25µs
25µs
25µs
21µs
21µs
26µs
21µs
21µs
21µs
21µs
21µs
87µs
23µs
21µs
24µs
25µs
21µs
21µs
21µs
25µs
25µs
27µs
25µs
29µs
21µs
21µs
21µs
21µs
26µs
25µs
21µs
21µs
25µs
33µs
21µs
21µs
26µs
25µs
21µs
21µs
21µs
21µs
21µs
24µs
21µs
25µs
25µs
25µs
21µs
21µs
21µs
21µs
24µs
31µs
21µs
22µs
25µs
21µs
21µs
21µs
21µs
21µs
21µs
21µs
21µs
21µs
21µs
26µs
25µs
25µs
24µs
28µs
28µs
24µs
27µs
28µs
38µs
28µs
24µs
29µs
29µs
29µs
30µs
25µs
28µs
33µs
28µs
24µs
38µs
28µs
28µs
29µs
24µs
29µs
27µs
29µs
29µs
27µs
27µs
27µs
24µs
23µs
24µs
27µs
27µs
26µs
27µs
25µs
27µs
33µs
21µs
25µs
26µs
1367µs
21µs
21µs
21µs
21µs
23µs
22µs
22µs
21µs
21µs
21µs
24µs
28µs
21µs
23µs
21µs
21µs
21µs
23µs
23µs
21µs
24µs
25µs
21µs
25µs
24µs
25µs
24µs
21µs
