161µs
142µs
142µs
161µs
155µs
146µs
150µs
162µs
136µs
154µs
182µs
196µs
158µs
215µs
166µs
161µs
168µs
157µs
158µs
165µs
161µs
163µs
158µs
156µs
166µs
164µs
156µs
155µs
159µs
163µs
158µs
153µs
157µs
158µs
161µs
169µs
157µs
157µs
158µs
161µs
183µs
156µs
158µs
155µs
162µs
180µs
20805µs
150µs
141µs
141µs
146µs
139µs
141µs
145µs
183µs
173µs
155µs
152µs
334µs
140µs
140µs
138µs
148µs
140µs
135µs
135µs
136µs
169µs
140µs
155µs
149µs
136µs
137µs
181µs
176µs
141µs
139µs
136µs
142µs
134µs
140µs
140µs
135µs
135µs
142µs
136µs
135µs
135µs
135µs
135µs
139µs
135µs
139µs
134µs
135µs
134µs
141µs
691µs
134µs
135µs
135µs
135µs
157µs
135µs
140µs
136µs
137µs
150µs
139µs
142µs
243µs
140µs
148µs
139µs
137µs
162µs
182µs
139µs
145µs
139µs
140µs
151µs
136µs
136µs
144µs
135µs
146µs
142µs
147µs
134µs
135µs
135µs
140µs
138µs
139µs
139µs
138µs
135µs
140µs
154µs
139µs
138µs
139µs
138µs
139µs
135µs
135µs
135µs
134µs
135µs
141µs
135µs
135µs
135µs
135µs
135µs
139µs
134µs
135µs
135µs
135µs
174µs
233µs
140µs
164µs
144µs
257µs
141µs
141µs
136µs
141µs
145µs
139µs
161µs
139µs
139µs
165µs
141µs
138µs
175µs
135µs
147µs
139µs
160µs
654µs
135µs
135µs
135µs
134µs
135µs
140µs
135µs
135µs
145µs
137µs
138µs
142µs
138µs
135µs
134µs
135µs
135µs
140µs
139µs
137µs
137µs
136µs
135µs
148µs
153µs
143µs
138µs
148µs
135µs
139µs
157µs
135µs
135µs
134µs
156µs
142µs
168µs
139µs
152µs
135µs
145µs
139µs
142µs
136µs
153µs
139µs
147µs
139µs
138µs
139µs
139µs
139µs
142µs
139µs
138µs
138µs
135µs
140µs
135µs
157µs
139µs
138µs
136µs
161µs
140µs
142µs
142µs
151µs
145µs
141µs
137µs
137µs
135µs
139µs
138µs
140µs
140µs
137µs
142µs
137µs
178µs
159µs
144µs
135µs
139µs
137µs
653µs
136µs
136µs
134µs
134µs
148µs
143µs
136µs
158µs
146µs
138µs
147µs
159µs
184µs
153µs
138µs
138µs
147µs
138µs
138µs
135µs
134µs
135µs
141µs
139µs
140µs
142µs
139µs
139µs
140µs
140µs
139µs
134µs
135µs
139µs
134µs
160µs
139µs
140µs
135µs
141µs
140µs
139µs
138µs
157µs
139µs
145µs
139µs
137µs
158µs
159µs
141µs
135µs
139µs
137µs
134µs
134µs
157µs
140µs
199µs
139µs
139µs
138µs
174µs
182µs
160µs
135µs
135µs
136µs
164µs
139µs
140µs
139µs
139µs
135µs
145µs
139µs
135µs
135µs
137µs
150µs
178µs
140µs
142µs
135µs
140µs
140µs
674µs
139µs
142µs
135µs
134µs
142µs
138µs
136µs
140µs
136µs
134µs
168µs
137µs
134µs
167µs
161µs
139µs
160µs
139µs
135µs
138µs
135µs
156µs
135µs
134µs
135µs
136µs
140µs
134µs
169µs
135µs
135µs
140µs
266µs
141µs
147µs
140µs
155µs
148µs
142µs
145µs
194µs
140µs
155µs
140µs
140µs
136µs
230µs
143µs
140µs
140µs
149µs
150µs
169µs
141µs
140µs
135µs
137µs
138µs
215µs
152µs
150µs
142µs
189µs
143µs
136µs
144µs
151µs
140µs
170µs
139µs
138µs
135µs
141µs
180µs
139µs
145µs
136µs
135µs
135µs
157µs
140µs
159µs
135µs
137µs
136µs
142µs
666µs
138µs
135µs
139µs
140µs
139µs
199µs
139µs
141µs
137µs
148µs
139µs
137µs
139µs
135µs
139µs
135µs
162µs
140µs
150µs
138µs
140µs
135µs
140µs
135µs
136µs
144µs
140µs
136µs
175µs
157µs
150µs
136µs
137µs
144µs
167µs
135µs
135µs
136µs
134µs
139µs
140µs
153µs
135µs
135µs
140µs
149µs
135µs
148µs
157µs
135µs
179µs
150µs
139µs
135µs
136µs
135µs
140µs
140µs
138µs
136µs
137µs
141µs
143µs
135µs
135µs
139µs
139µs
138µs
135µs
135µs
134µs
135µs
135µs
163µs
144µs
135µs
141µs
134µs
136µs
140µs
139µs
155µs
138µs
140µs
138µs
136µs
135µs
683µs
135µs
134µs
140µs
154µs
135µs
170µs
137µs
136µs
134µs
152µs
135µs
142µs
146µs
135µs
140µs
150µs
140µs
139µs
140µs
139µs
140µs
137µs
178µs
139µs
138µs
218µs
140µs
150µs
142µs
145µs
150µs
142µs
140µs
141µs
137µs
135µs
141µs
136µs
140µs
139µs
140µs
135µs
179µs
172µs
139µs
139µs
142µs
290µs
286µs
144µs
151µs
200µs
141µs
137µs
140µs
141µs
223µs
170µs
139µs
137µs
167µs
175µs
140µs
143µs
135µs
140µs
136µs
238µs
140µs
140µs
141µs
137µs
147µs
141µs
136µs
136µs
137µs
213µs
140µs
140µs
137µs
140µs
196µs
136µs
145µs
135µs
917µs
149µs
144µs
142µs
136µs
137µs
146µs
135µs
139µs
160µs
138µs
138µs
161µs
139µs
139µs
363µs
147µs
142µs
160µs
163µs
136µs
150µs
141µs
136µs
141µs
144µs
137µs
141µs
137µs
136µs
136µs
135µs
136µs
141µs
207µs
214µs
145µs
227µs
152µs
143µs
138µs
151µs
148µs
141µs
136µs
153µs
139µs
136µs
147µs
141µs
139µs
135µs
135µs
136µs
139µs
201µs
169µs
137µs
136µs
163µs
140µs
138µs
147µs
139µs
151µs
140µs
139µs
135µs
146µs
135µs
142µs
149µs
140µs
138µs
135µs
161µs
140µs
174µs
138µs
154µs
139µs
147µs
139µs
139µs
138µs
135µs
134µs
1118µs
134µs
135µs
137µs
142µs
136µs
140µs
166µs
150µs
138µs
139µs
154µs
135µs
144µs
138µs
154µs
135µs
147µs
139µs
141µs
140µs
139µs
138µs
135µs
298µs
159µs
135µs
135µs
163µs
147µs
137µs
147µs
135µs
135µs
156µs
140µs
152µs
139µs
139µs
139µs
139µs
139µs
134µs
135µs
134µs
140µs
134µs
183µs
140µs
154µs
139µs
144µs
138µs
139µs
134µs
135µs
134µs
146µs
138µs
139µs
138µs
139µs
141µs
134µs
139µs
139µs
136µs
135µs
166µs
139µs
176µs
139µs
148µs
136µs
169µs
140µs
139µs
139µs
139µs
138µs
135µs
135µs
134µs
135µs
135µs
135µs
142µs
1148µs
134µs
134µs
143µs
142µs
135µs
137µs
135µs
134µs
134µs
140µs
150µs
137µs
137µs
138µs
136µs
139µs
135µs
135µs
138µs
138µs
135µs
140µs
135µs
148µs
139µs
138µs
135µs
139µs
136µs
135µs
137µs
136µs
141µs
166µs
137µs
135µs
148µs
135µs
145µs
149µs
137µs
135µs
137µs
136µs
161µs
172µs
156µs
138µs
139µs
140µs
137µs
160µs
157µs
150µs
139µs
135µs
139µs
140µs
134µs
135µs
135µs
137µs
139µs
139µs
138µs
134µs
139µs
135µs
157µs
139µs
139µs
147µs
144µs
137µs
142µs
139µs
139µs
140µs
140µs
135µs
134µs
145µs
139µs
138µs
152µs
140µs
872µs
173µs
135µs
135µs
141µs
143µs
138µs
138µs
149µs
135µs
135µs
137µs
136µs
135µs
163µs
138µs
143µs
135µs
184µs
139µs
141µs
147µs
138µs
139µs
145µs
139µs
138µs
190µs
140µs
139µs
138µs
135µs
148µs
139µs
139µs
139µs
139µs
143µs
144µs
137µs
158µs
138µs
138µs
140µs
144µs
141µs
138µs
143µs
146µs
134µs
135µs
137µs
134µs
135µs
158µs
152µs
135µs
140µs
134µs
138µs
139µs
161µs
137µs
168µs
139µs
138µs
149µs
135µs
137µs
153µs
135µs
134µs
163µs
138µs
138µs
139µs
135µs
135µs
141µs
135µs
138µs
138µs
139µs
137µs
140µs
135µs
176µs
139µs
880µs
135µs
135µs
141µs
135µs
155µs
135µs
134µs
135µs
145µs
137µs
138µs
135µs
135µs
151µs
145µs
139µs
138µs
150µs
135µs
164µs
139µs
139µs
135µs
134µs
135µs
141µs
135µs
140µs
142µs
136µs
