158µs
142µs
148µs
155µs
160µs
143µs
143µs
143µs
141µs
201µs
141µs
136µs
135µs
148µs
144µs
139µs
145µs
143µs
150µs
136µs
145µs
145µs
148µs
135µs
147µs
142µs
166µs
160µs
141µs
151µs
181µs
153µs
141µs
147µs
151µs
142µs
141µs
135µs
162µs
150µs
208µs
144µs
152µs
148µs
244µs
141µs
143µs
144µs
153µs
146µs
200µs
144µs
149µs
143µs
146µs
136µs
164µs
167µs
162µs
162µs
163µs
176µs
157µs
154µs
171µs
160µs
159µs
176µs
159µs
258µs
181µs
158µs
194µs
178µs
163µs
166µs
164µs
163µs
168µs
155µs
172µs
162µs
205µs
170µs
163µs
160µs
155µs
235µs
175µs
167µs
162µs
158µs
54263µs
146µs
171µs
196µs
157µs
147µs
144µs
143µs
142µs
135µs
136µs
135µs
155µs
135µs
152µs
144µs
135µs
134µs
146µs
139µs
148µs
171µs
142µs
142µs
140µs
139µs
134µs
136µs
135µs
134µs
135µs
156µs
142µs
137µs
135µs
138µs
135µs
141µs
135µs
136µs
135µs
135µs
135µs
203µs
175µs
143µs
142µs
154µs
317µs
144µs
136µs
1173µs
142µs
155µs
145µs
138µs
139µs
142µs
134µs
141µs
142µs
139µs
159µs
141µs
141µs
135µs
135µs
135µs
161µs
136µs
139µs
136µs
135µs
135µs
141µs
136µs
155µs
136µs
135µs
135µs
141µs
171µs
146µs
142µs
141µs
135µs
148µs
141µs
143µs
151µs
143µs
151µs
152µs
146µs
135µs
135µs
135µs
150µs
143µs
141µs
135µs
136µs
135µs
139µs
189µs
143µs
135µs
148µs
155µs
142µs
159µs
135µs
135µs
143µs
156µs
142µs
135µs
136µs
135µs
290µs
145µs
156µs
145µs
144µs
149µs
196µs
143µs
154µs
152µs
144µs
142µs
137µs
136µs
141µs
143µs
143µs
142µs
136µs
1143µs
135µs
147µs
188µs
140µs
139µs
138µs
136µs
142µs
143µs
144µs
138µs
137µs
183µs
140µs
181µs
186µs
145µs
157µs
136µs
144µs
144µs
137µs
169µs
136µs
140µs
150µs
149µs
145µs
166µs
136µs
136µs
161µs
143µs
135µs
135µs
135µs
142µs
140µs
139µs
136µs
135µs
143µs
149µs
142µs
143µs
142µs
142µs
135µs
140µs
135µs
135µs
136µs
137µs
135µs
151µs
151µs
142µs
138µs
160µs
135µs
138µs
143µs
148µs
143µs
157µs
151µs
141µs
135µs
136µs
135µs
136µs
142µs
142µs
150µs
136µs
137µs
143µs
151µs
136µs
151µs
135µs
137µs
151µs
212µs
138µs
144µs
143µs
1126µs
136µs
140µs
135µs
139µs
135µs
256µs
144µs
140µs
141µs
139µs
275µs
163µs
156µs
146µs
142µs
155µs
144µs
136µs
142µs
187µs
143µs
145µs
145µs
136µs
137µs
146µs
168µs
141µs
136µs
149µs
140µs
201µs
142µs
161µs
136µs
136µs
136µs
242µs
187µs
237µs
147µs
145µs
139µs
146µs
167µs
144µs
167µs
144µs
144µs
166µs
181µs
142µs
136µs
163µs
143µs
135µs
136µs
136µs
135µs
135µs
135µs
135µs
151µs
143µs
148µs
143µs
153µs
141µs
211µs
192µs
279µs
201µs
256µs
146µs
203µs
148µs
151µs
150µs
139µs
155µs
145µs
139µs
137µs
138µs
172µs
144µs
1367µs
137µs
254µs
155µs
136µs
143µs
150µs
142µs
142µs
136µs
146µs
142µs
161µs
144µs
137µs
136µs
137µs
136µs
141µs
410µs
175µs
135µs
148µs
142µs
134µs
157µs
153µs
149µs
143µs
143µs
160µs
170µs
147µs
142µs
136µs
142µs
135µs
152µs
156µs
185µs
143µs
143µs
144µs
157µs
145µs
136µs
134µs
135µs
136µs
139µs
135µs
136µs
135µs
135µs
142µs
150µs
186µs
142µs
142µs
140µs
135µs
149µs
142µs
142µs
142µs
135µs
140µs
135µs
163µs
144µs
146µs
245µs
157µs
152µs
140µs
159µs
154µs
182µs
159µs
136µs
145µs
173µs
143µs
136µs
136µs
136µs
135µs
1105µs
151µs
151µs
139µs
136µs
154µs
177µs
138µs
154µs
141µs
145µs
135µs
140µs
140µs
141µs
137µs
144µs
135µs
135µs
140µs
141µs
149µs
146µs
142µs
135µs
139µs
142µs
136µs
140µs
161µs
142µs
142µs
147µs
150µs
142µs
143µs
141µs
141µs
135µs
215µs
153µs
140µs
146µs
141µs
153µs
159µs
149µs
144µs
159µs
143µs
184µs
143µs
150µs
136µs
143µs
168µs
136µs
140µs
158µs
136µs
142µs
143µs
134µs
135µs
135µs
142µs
150µs
140µs
136µs
148µs
141µs
140µs
167µs
142µs
141µs
135µs
135µs
143µs
136µs
137µs
136µs
135µs
135µs
135µs
136µs
136µs
136µs
1149µs
143µs
172µs
137µs
138µs
164µs
141µs
139µs
141µs
140µs
135µs
134µs
135µs
135µs
135µs
135µs
135µs
156µs
141µs
143µs
161µs
144µs
142µs
162µs
141µs
176µs
145µs
142µs
135µs
149µs
144µs
138µs
140µs
135µs
137µs
135µs
135µs
135µs
137µs
135µs
135µs
134µs
175µs
140µs
136µs
135µs
135µs
140µs
138µs
135µs
135µs
170µs
144µs
143µs
143µs
144µs
136µs
154µs
141µs
149µs
141µs
135µs
136µs
143µs
143µs
143µs
141µs
139µs
135µs
164µs
143µs
149µs
135µs
136µs
135µs
159µs
136µs
135µs
135µs
135µs
135µs
135µs
139µs
142µs
135µs
136µs
141µs
1107µs
136µs
135µs
135µs
136µs
140µs
145µs
147µs
136µs
135µs
135µs
248µs
138µs
135µs
135µs
135µs
169µs
189µs
147µs
143µs
134µs
142µs
167µs
139µs
137µs
135µs
135µs
152µs
156µs
135µs
135µs
135µs
135µs
146µs
149µs
146µs
146µs
136µs
141µs
168µs
140µs
138µs
135µs
135µs
149µs
143µs
143µs
142µs
135µs
139µs
141µs
136µs
137µs
135µs
135µs
135µs
141µs
135µs
135µs
136µs
135µs
135µs
140µs
171µs
141µs
143µs
141µs
139µs
136µs
135µs
135µs
141µs
139µs
147µs
147µs
149µs
148µs
135µs
136µs
148µs
142µs
159µs
204µs
193µs
200µs
176µs
146µs
144µs
1395µs
136µs
138µs
136µs
143µs
141µs
191µs
143µs
143µs
260µs
157µs
139µs
138µs
145µs
144µs
147µs
135µs
135µs
136µs
140µs
136µs
138µs
136µs
135µs
136µs
141µs
150µs
143µs
189µs
144µs
137µs
223µs
144µs
171µs
168µs
145µs
143µs
136µs
136µs
142µs
140µs
148µs
184µs
143µs
143µs
135µs
137µs
135µs
142µs
135µs
140µs
139µs
142µs
135µs
156µs
142µs
142µs
143µs
135µs
136µs
154µs
143µs
146µs
138µs
165µs
147µs
143µs
138µs
135µs
136µs
148µs
143µs
143µs
143µs
158µs
136µs
146µs
155µs
143µs
146µs
164µs
142µs
135µs
135µs
135µs
142µs
144µs
1437µs
135µs
136µs
136µs
142µs
136µs
139µs
138µs
135µs
135µs
139µs
134µs
135µs
139µs
135µs
157µs
152µs
141µs
140µs
137µs
135µs
134µs
135µs
135µs
135µs
135µs
134µs
135µs
141µs
135µs
139µs
142µs
139µs
140µs
136µs
136µs
142µs
136µs
194µs
143µs
141µs
135µs
140µs
136µs
172µs
142µs
143µs
136µs
152µs
142µs
135µs
135µs
196µs
143µs
141µs
140µs
136µs
150µs
157µs
154µs
180µs
136µs
142µs
143µs
136µs
136µs
140µs
135µs
135µs
156µs
141µs
137µs
164µs
135µs
135µs
135µs
135µs
135µs
139µs
135µs
135µs
135µs
135µs
215µs
142µs
142µs
142µs
1712µs
263µs
160µs
152µs
155µs
172µs
163µs
218µs
158µs
169µs
195µs
159µs
161µs
177µs
178µs
187µs
161µs
167µs
161µs
160µs
166µs
159µs
159µs
160µs
176µs
208µs
160µs
158µs
158µs
161µs
153µs
153µs
166µs
159µs
235µs
170µs
145µs
151µs
145µs
147µs
143µs
156µs
187µs
146µs
143µs
142µs
142µs
152µs
143µs
147µs
135µs
135µs
135µs
145µs
164µs
150µs
138µs
142µs
151µs
137µs
165µs
142µs
138µs
144µs
142µs
138µs
149µs
142µs
142µs
142µs
142µs
135µs
