97µs
25µs
25µs
25µs
25µs
26µs
25µs
26µs
21µs
21µs
26µs
26µs
26µs
29µs
25µs
25µs
21µs
26µs
25µs
25µs
21µs
25µs
27µs
25µs
21µs
26µs
26µs
35µs
28µs
32µs
32µs
32µs
33µs
33µs
41µs
32µs
32µs
34µs
31µs
33µs
32µs
31µs
28µs
41µs
33µs
31µs
31µs
41µs
6883µs
24µs
25µs
24µs
23µs
21µs
93µs
35µs
32µs
38µs
25µs
25µs
23µs
23µs
21µs
23µs
21µs
21µs
21µs
29µs
24µs
27µs
22µs
21µs
22µs
23µs
25µs
23µs
24µs
21µs
21µs
21µs
21µs
25µs
21µs
21µs
22µs
21µs
22µs
21µs
21µs
21µs
21µs
21µs
27µs
21µs
21µs
21µs
21µs
21µs
23µs
29µs
31µs
23µs
23µs
21µs
21µs
23µs
21µs
21µs
21µs
26µs
21µs
23µs
24µs
24µs
23µs
23µs
23µs
23µs
23µs
23µs
23µs
23µs
21µs
21µs
26µs
21µs
21µs
23µs
26µs
21µs
21µs
21µs
21µs
21µs
23µs
23µs
23µs
21µs
21µs
21µs
24µs
23µs
24µs
23µs
23µs
21µs
23µs
21µs
21µs
21µs
21µs
21µs
21µs
21µs
21µs
21µs
21µs
21µs
21µs
21µs
22µs
28µs
24µs
25µs
27µs
25µs
27µs
27µs
24µs
21µs
26µs
23µs
25µs
59µs
24µs
24µs
27µs
24µs
21µs
26µs
24µs
21µs
24µs
23µs
23µs
23µs
24µs
21µs
21µs
21µs
21µs
21µs
21µs
21µs
24µs
23µs
24µs
21µs
21µs
21µs
21µs
21µs
906µs
21µs
21µs
21µs
21µs
21µs
21µs
28µs
22µs
23µs
22µs
21µs
21µs
21µs
21µs
21µs
21µs
21µs
24µs
21µs
23µs
23µs
21µs
21µs
24µs
29µs
21µs
21µs
32µs
23µs
23µs
23µs
23µs
26µs
23µs
27µs
24µs
23µs
23µs
21µs
21µs
21µs
21µs
23µs
23µs
23µs
21µs
27µs
27µs
24µs
21µs
137µs
40µs
21µs
21µs
21µs
32µs
23µs
22µs
24µs
22µs
21µs
21µs
24µs
29µs
21µs
21µs
35µs
23µs
21µs
23µs
23µs
28µs
21µs
23µs
30µs
21µs
21µs
25µs
24µs
23µs
40µs
23µs
23µs
23µs
24µs
24µs
24µs
24µs
21µs
21µs
21µs
21µs
24µs
23µs
23µs
23µs
23µs
22µs
23µs
24µs
21µs
21µs
21µs
21µs
21µs
24µs
23µs
21µs
21µs
23µs
23µs
23µs
26µs
22µs
23µs
23µs
23µs
21µs
25µs
21µs
21µs
21µs
23µs
26µs
21µs
21µs
24µs
25µs
24µs
23µs
24µs
21µs
24µs
24µs
21µs
21µs
21µs
21µs
23µs
23µs
23µs
24µs
21µs
21µs
24µs
21µs
21µs
21µs
35µs
24µs
24µs
23µs
21µs
21µs
21µs
22µs
28µs
21µs
21µs
23µs
23µs
25µs
23µs
23µs
21µs
21µs
21µs
28µs
21µs
24µs
24µs
23µs
23µs
554µs
21µs
21µs
21µs
26µs
21µs
21µs
21µs
21µs
21µs
21µs
32µs
22µs
21µs
23µs
21µs
24µs
21µs
29µs
47µs
32µs
24µs
29µs
25µs
25µs
23µs
24µs
23µs
21µs
21µs
24µs
21µs
25µs
21µs
25µs
24µs
24µs
24µs
30µs
21µs
21µs
32µs
24µs
27µs
25µs
34µs
41µs
21µs
35µs
24µs
24µs
24µs
24µs
21µs
23µs
42µs
24µs
23µs
29µs
21µs
21µs
22µs
21µs
24µs
23µs
21µs
21µs
21µs
21µs
21µs
33µs
21µs
23µs
23µs
22µs
25µs
24µs
23µs
22µs
21µs
24µs
28µs
23µs
21µs
24µs
23µs
21µs
32µs
23µs
24µs
25µs
21µs
21µs
21µs
21µs
25µs
24µs
23µs
63µs
28µs
23µs
21µs
21µs
21µs
24µs
21µs
21µs
21µs
21µs
30µs
23µs
23µs
21µs
21µs
21µs
21µs
21µs
21µs
30µs
23µs
21µs
23µs
22µs
21µs
21µs
21µs
23µs
23µs
23µs
23µs
21µs
21µs
21µs
23µs
21µs
23µs
23µs
21µs
21µs
21µs
21µs
21µs
21µs
21µs
23µs
23µs
21µs
21µs
21µs
23µs
21µs
21µs
28µs
23µs
24µs
28µs
21µs
21µs
24µs
24µs
21µs
21µs
25µs
23µs
23µs
24µs
21µs
21µs
21µs
21µs
27µs
21µs
21µs
22µs
28µs
1078µs
21µs
21µs
21µs
21µs
21µs
23µs
22µs
22µs
23µs
32µs
24µs
23µs
24µs
35µs
21µs
24µs
21µs
24µs
21µs
21µs
23µs
23µs
22µs
21µs
36µs
24µs
24µs
24µs
23µs
29µs
25µs
24µs
24µs
24µs
24µs
21µs
23µs
24µs
22µs
32µs
25µs
21µs
21µs
24µs
24µs
23µs
21µs
23µs
21µs
28µs
52µs
26µs
23µs
21µs
38µs
23µs
22µs
21µs
21µs
21µs
24µs
23µs
22µs
32µs
21µs
23µs
23µs
24µs
24µs
24µs
24µs
30µs
24µs
23µs
23µs
28µs
24µs
30µs
24µs
23µs
22µs
23µs
24µs
28µs
37µs
24µs
30µs
23µs
21µs
22µs
24µs
21µs
21µs
24µs
24µs
21µs
21µs
23µs
21µs
21µs
21µs
21µs
21µs
25µs
24µs
23µs
25µs
24µs
21µs
23µs
24µs
24µs
22µs
24µs
24µs
21µs
21µs
23µs
24µs
22µs
21µs
21µs
33µs
23µs
24µs
21µs
21µs
21µs
24µs
23µs
23µs
23µs
23µs
23µs
24µs
21µs
21µs
26µs
21µs
21µs
24µs
27µs
21µs
38µs
23µs
23µs
23µs
29µs
24µs
24µs
23µs
24µs
24µs
23µs
21µs
21µs
24µs
23µs
23µs
23µs
24µs
23µs
21µs
29µs
23µs
24µs
23µs
25µs
22µs
24µs
23µs
21µs
21µs
24µs
810µs
21µs
21µs
21µs
21µs
21µs
58µs
23µs
21µs
22µs
23µs
25µs
23µs
21µs
21µs
21µs
30µs
23µs
23µs
23µs
23µs
30µs
23µs
21µs
21µs
21µs
21µs
21µs
21µs
24µs
23µs
23µs
23µs
23µs
24µs
23µs
21µs
21µs
21µs
24µs
23µs
22µs
23µs
21µs
31µs
21µs
23µs
23µs
21µs
21µs
24µs
23µs
23µs
23µs
21µs
21µs
23µs
23µs
23µs
23µs
23µs
27µs
21µs
21µs
21µs
21µs
21µs
25µs
28µs
23µs
23µs
23µs
23µs
23µs
23µs
21µs
21µs
21µs
21µs
21µs
23µs
24µs
23µs
21µs
21µs
21µs
21µs
21µs
23µs
21µs
21µs
21µs
55µs
25µs
23µs
21µs
24µs
23µs
21µs
21µs
21µs
21µs
24µs
25µs
21µs
23µs
21µs
21µs
24µs
26µs
21µs
21µs
21µs
21µs
23µs
23µs
23µs
23µs
21µs
21µs
24µs
21µs
21µs
30µs
28µs
23µs
23µs
24µs
21µs
21µs
27µs
23µs
23µs
23µs
21µs
21µs
21µs
21µs
23µs
23µs
23µs
24µs
23µs
33µs
23µs
23µs
23µs
23µs
21µs
21µs
21µs
24µs
24µs
21µs
23µs
21µs
23µs
24µs
23µs
27µs
21µs
23µs
23µs
27µs
21µs
21µs
35µs
24µs
21µs
21µs
23µs
23µs
21µs
23µs
24µs
1117µs
21µs
21µs
22µs
21µs
22µs
22µs
22µs
22µs
22µs
23µs
21µs
21µs
23µs
23µs
23µs
23µs
21µs
24µs
21µs
23µs
24µs
23µs
23µs
22µs
21µs
23µs
24µs
29µs
21µs
27µs
23µs
21µs
21µs
21µs
25µs
21µs
21µs
21µs
23µs
24µs
23µs
23µs
22µs
23µs
23µs
23µs
26µs
21µs
23µs
21µs
21µs
21µs
23µs
23µs
23µs
23µs
21µs
21µs
21µs
21µs
23µs
23µs
23µs
21µs
21µs
21µs
24µs
23µs
23µs
23µs
23µs
21µs
21µs
23µs
21µs
21µs
22µs
21µs
23µs
21µs
21µs
22µs
21µs
23µs
53µs
23µs
21µs
21µs
23µs
23µs
21µs
21µs
21µs
21µs
21µs
23µs
23µs
21µs
