268µs
201µs
143µs
139µs
147µs
146µs
149µs
154µs
142µs
157µs
143µs
137µs
135µs
143µs
140µs
141µs
135µs
214µs
142µs
143µs
144µs
1240µs
138µs
138µs
139µs
142µs
152µs
148µs
144µs
153µs
142µs
176µs
199µs
152µs
154µs
172µs
150µs
143µs
139µs
141µs
145µs
162µs
151µs
136µs
136µs
136µs
141µs
167µs
143µs
151µs
144µs
140µs
160µs
143µs
143µs
147µs
142µs
149µs
142µs
136µs
135µs
146µs
136µs
136µs
135µs
138µs
135µs
140µs
217µs
244µs
145µs
220µs
147µs
135µs
143µs
136µs
189µs
146µs
145µs
144µs
161µs
167µs
146µs
146µs
137µs
154µs
159µs
148µs
150µs
187µs
143µs
167µs
142µs
142µs
136µs
145µs
135µs
165µs
146µs
144µs
139µs
140µs
137µs
142µs
137µs
143µs
137µs
135µs
1198µs
135µs
136µs
137µs
135µs
136µs
140µs
135µs
159µs
167µs
137µs
156µs
149µs
144µs
135µs
135µs
135µs
135µs
168µs
136µs
177µs
155µs
136µs
141µs
167µs
147µs
141µs
145µs
147µs
144µs
143µs
148µs
143µs
147µs
166µs
141µs
135µs
152µs
135µs
135µs
150µs
150µs
162µs
151µs
143µs
149µs
146µs
137µs
135µs
135µs
135µs
140µs
136µs
147µs
142µs
142µs
142µs
135µs
136µs
136µs
135µs
136µs
141µs
136µs
140µs
162µs
142µs
142µs
145µs
138µs
137µs
135µs
136µs
135µs
144µs
143µs
167µs
135µs
188µs
154µs
143µs
142µs
160µs
136µs
154µs
151µs
143µs
175µs
2141µs
138µs
147µs
148µs
192µs
150µs
320µs
190µs
153µs
143µs
139µs
189µs
141µs
139µs
146µs
141µs
143µs
148µs
139µs
143µs
147µs
145µs
139µs
148µs
145µs
292µs
180µs
171µs
158µs
159µs
161µs
144µs
139µs
136µs
143µs
146µs
137µs
137µs
137µs
172µs
223µs
258µs
143µs
166µs
165µs
180µs
192µs
152µs
144µs
144µs
216µs
170µs
145µs
140µs
433µs
179µs
143µs
144µs
151µs
144µs
155µs
140µs
136µs
402µs
140µs
632µs
164µs
139µs
135µs
176µs
315µs
149µs
251µs
260µs
154µs
229µs
143µs
180µs
319µs
143µs
153µs
147µs
143µs
136µs
136µs
137µs
137µs
1222µs
137µs
137µs
137µs
136µs
142µs
136µs
140µs
164µs
146µs
147µs
136µs
142µs
135µs
136µs
135µs
142µs
135µs
291µs
146µs
155µs
179µs
273µs
164µs
142µs
263µs
170µs
221µs
145µs
143µs
145µs
281µs
258µs
138µs
144µs
143µs
137µs
147µs
144µs
137µs
138µs
138µs
229µs
231µs
145µs
190µs
243µs
225µs
140µs
140µs
212µs
140µs
282µs
142µs
227µs
176µs
251µs
178µs
141µs
143µs
138µs
143µs
244µs
144µs
155µs
143µs
143µs
428µs
193µs
135µs
156µs
143µs
144µs
154µs
136µs
136µs
457µs
143µs
159µs
147µs
144µs
144µs
137µs
136µs
137µs
137µs
145µs
1524µs
138µs
303µs
144µs
152µs
142µs
141µs
142µs
144µs
147µs
136µs
307µs
183µs
150µs
142µs
160µs
159µs
137µs
138µs
323µs
147µs
135µs
134µs
135µs
232µs
179µs
163µs
143µs
137µs
232µs
185µs
145µs
145µs
144µs
151µs
152µs
141µs
142µs
151µs
158µs
143µs
136µs
136µs
147µs
142µs
142µs
135µs
137µs
143µs
145µs
146µs
145µs
215µs
144µs
146µs
145µs
149µs
167µs
149µs
138µs
139µs
219µs
176µs
143µs
159µs
135µs
142µs
178µs
143µs
142µs
136µs
135µs
157µs
169µs
135µs
135µs
135µs
144µs
138µs
142µs
142µs
136µs
136µs
142µs
135µs
136µs
137µs
1520µs
135µs
143µs
135µs
144µs
140µs
138µs
136µs
136µs
136µs
143µs
136µs
135µs
136µs
136µs
137µs
139µs
227µs
178µs
140µs
149µs
176µs
146µs
143µs
144µs
244µs
145µs
137µs
157µs
135µs
148µs
139µs
154µs
135µs
167µs
143µs
147µs
141µs
143µs
143µs
143µs
165µs
138µs
139µs
144µs
143µs
143µs
135µs
135µs
136µs
153µs
143µs
153µs
145µs
136µs
137µs
136µs
135µs
160µs
146µs
167µs
143µs
143µs
145µs
137µs
153µs
214µs
145µs
275µs
144µs
142µs
159µs
137µs
174µs
254µs
155µs
145µs
145µs
170µs
212µs
138µs
158µs
139µs
136µs
198µs
162µs
194µs
1279µs
153µs
153µs
157µs
159µs
209µs
157µs
152µs
153µs
159µs
152µs
153µs
153µs
158µs
158µs
171µs
154µs
151µs
154µs
152µs
164µs
158µs
160µs
154µs
192µs
217µs
165µs
152µs
153µs
186µs
175µs
165µs
159µs
157µs
161µs
158µs
159µs
159µs
215µs
227µs
209µs
143µs
345µs
144µs
149µs
142µs
139µs
149µs
143µs
146µs
145µs
146µs
138µs
220µs
155µs
144µs
235µs
243µs
154µs
144µs
265µs
148µs
144µs
143µs
137µs
143µs
138µs
198µs
147µs
152µs
146µs
141µs
142µs
159µs
157µs
142µs
140µs
191µs
146µs
143µs
152µs
144µs
147µs
159µs
156µs
147µs
137µs
142µs
1454µs
142µs
139µs
179µs
136µs
139µs
146µs
140µs
141µs
147µs
142µs
143µs
141µs
136µs
142µs
136µs
135µs
136µs
198µs
146µs
136µs
142µs
138µs
141µs
135µs
178µs
143µs
148µs
157µs
149µs
143µs
162µs
143µs
140µs
141µs
140µs
137µs
158µs
135µs
135µs
147µs
144µs
165µs
162µs
136µs
143µs
148µs
171µs
143µs
143µs
141µs
151µs
135µs
136µs
136µs
135µs
135µs
136µs
140µs
155µs
142µs
142µs
147µs
136µs
135µs
216µs
144µs
139µs
246µs
148µs
153µs
154µs
144µs
147µs
146µs
156µs
177µs
143µs
164µs
152µs
142µs
136µs
153µs
142µs
141µs
141µs
159µs
1274µs
135µs
151µs
135µs
159µs
135µs
146µs
137µs
134µs
137µs
429µs
145µs
144µs
146µs
145µs
143µs
177µs
145µs
145µs
137µs
142µs
137µs
136µs
137µs
138µs
137µs
137µs
145µs
143µs
136µs
138µs
144µs
136µs
135µs
138µs
135µs
136µs
142µs
171µs
181µs
151µs
136µs
143µs
143µs
153µs
149µs
144µs
142µs
144µs
153µs
150µs
135µs
135µs
159µs
143µs
176µs
142µs
142µs
146µs
142µs
142µs
143µs
142µs
143µs
142µs
135µs
135µs
134µs
139µs
142µs
145µs
135µs
135µs
137µs
135µs
135µs
140µs
136µs
199µs
141µs
142µs
158µs
143µs
137µs
135µs
135µs
135µs
1292µs
151µs
136µs
137µs
139µs
143µs
139µs
140µs
139µs
135µs
220µs
167µs
145µs
149µs
140µs
142µs
171µs
148µs
138µs
136µs
147µs
141µs
137µs
135µs
148µs
147µs
139µs
138µs
142µs
144µs
142µs
141µs
138µs
143µs
136µs
135µs
135µs
139µs
136µs
136µs
135µs
135µs
135µs
140µs
139µs
135µs
135µs
144µs
147µs
143µs
142µs
143µs
144µs
150µs
387µs
161µs
162µs
167µs
243µs
211µs
163µs
161µs
177µs
160µs
185µs
169µs
311µs
184µs
143µs
144µs
151µs
144µs
138µs
138µs
138µs
137µs
141µs
139µs
136µs
136µs
137µs
138µs
136µs
140µs
136µs
136µs
135µs
1167µs
136µs
135µs
138µs
135µs
134µs
173µs
136µs
141µs
140µs
146µs
135µs
151µs
136µs
135µs
135µs
156µs
145µs
138µs
177µs
142µs
152µs
135µs
139µs
144µs
158µs
135µs
164µs
152µs
140µs
135µs
142µs
141µs
141µs
141µs
136µs
135µs
135µs
138µs
136µs
135µs
137µs
166µs
149µs
143µs
145µs
135µs
143µs
141µs
143µs
142µs
145µs
138µs
150µs
141µs
141µs
136µs
138µs
137µs
183µs
142µs
151µs
141µs
135µs
140µs
156µs
135µs
135µs
141µs
135µs
135µs
141µs
135µs
143µs
148µs
141µs
137µs
147µs
135µs
135µs
173µs
142µs
142µs
143µs
143µs
144µs
136µs
1057µs
138µs
134µs
135µs
140µs
139µs
138µs
136µs
137µs
135µs
254µs
167µs
153µs
140µs
141µs
149µs
139µs
142µs
136µs
135µs
