27µs
25µs
29µs
25µs
21µs
26µs
27µs
25µs
25µs
25µs
24µs
26µs
21µs
29µs
24µs
21µs
20µs
21µs
25µs
24µs
24µs
21µs
84µs
24µs
24µs
111µs
74µs
26µs
27µs
25µs
26µs
21µs
26µs
37µs
24µs
25µs
21µs
26µs
25µs
21µs
25µs
25µs
26µs
26µs
21µs
21µs
21µs
21µs
25µs
24µs
21µs
21µs
21µs
25µs
24µs
24µs
25µs
24µs
26µs
22µs
21µs
21µs
21µs
21µs
20µs
20µs
21µs
21µs
1023µs
22µs
25µs
24µs
24µs
21µs
24µs
21µs
27µs
25µs
26µs
25µs
24µs
25µs
33µs
26µs
21µs
21µs
26µs
26µs
21µs
27µs
24µs
24µs
25µs
25µs
21µs
27µs
21µs
21µs
26µs
37µs
27µs
21µs
22µs
20µs
21µs
23µs
22µs
21µs
21µs
25µs
25µs
21µs
21µs
21µs
21µs
21µs
21µs
34µs
22µs
21µs
26µs
24µs
21µs
20µs
20µs
21µs
32µs
26µs
21µs
24µs
21µs
21µs
25µs
21µs
24µs
24µs
25µs
21µs
25µs
25µs
24µs
28µs
25µs
26µs
20µs
23µs
21µs
21µs
28µs
29µs
21µs
24µs
25µs
25µs
24µs
21µs
21µs
21µs
21µs
21µs
20µs
21µs
24µs
25µs
24µs
24µs
20µs
21µs
21µs
21µs
21µs
32µs
21µs
24µs
26µs
24µs
24µs
21µs
21µs
21µs
21µs
20µs
21µs
24µs
24µs
21µs
24µs
25µs
26µs
24µs
24µs
21µs
20µs
25µs
25µs
24µs
32µs
27µs
24µs
26µs
26µs
26µs
26µs
197µs
26µs
25µs
25µs
21µs
25µs
21µs
26µs
26µs
21µs
26µs
21µs
29µs
25µs
26µs
21µs
21µs
83µs
31µs
26µs
25µs
31µs
25µs
25µs
26µs
21µs
21µs
21µs
27µs
24µs
21µs
21µs
21µs
26µs
25µs
27µs
21µs
32µs
144µs
26µs
1134µs
21µs
22µs
22µs
22µs
23µs
21µs
21µs
34µs
24µs
25µs
25µs
24µs
29µs
26µs
21µs
71µs
24µs
23µs
26µs
25µs
20µs
21µs
29µs
85µs
27µs
27µs
27µs
26µs
26µs
25µs
26µs
36µs
25µs
26µs
25µs
21µs
21µs
21µs
21µs
22µs
27µs
25µs
21µs
21µs
21µs
21µs
23µs
21µs
25µs
26µs
21µs
21µs
21µs
21µs
21µs
21µs
21µs
26µs
27µs
24µs
21µs
26µs
33µs
21µs
25µs
26µs
51µs
28µs
154µs
24µs
24µs
26µs
29µs
63µs
25µs
24µs
21µs
25µs
21µs
21µs
21µs
21µs
29µs
26µs
25µs
26µs
26µs
24µs
23µs
23µs
22µs
20µs
26µs
25µs
24µs
25µs
33µs
24µs
26µs
24µs
86µs
26µs
100µs
47µs
25µs
25µs
23µs
34µs
24µs
24µs
21µs
25µs
25µs
21µs
21µs
89µs
25µs
24µs
24µs
24µs
25µs
21µs
21µs
21µs
21µs
26µs
25µs
27µs
25µs
27µs
24µs
26µs
25µs
24µs
25µs
26µs
21µs
25µs
25µs
26µs
34µs
25µs
25µs
21µs
21µs
21µs
25µs
20µs
21µs
20µs
21µs
36µs
36µs
25µs
25µs
21µs
26µs
26µs
26µs
25µs
21µs
24µs
25µs
24µs
25µs
25µs
25µs
25µs
21µs
20µs
26µs
24µs
21µs
21µs
1096µs
22µs
22µs
21µs
22µs
24µs
25µs
26µs
22µs
32µs
27µs
21µs
21µs
34µs
25µs
24µs
32µs
26µs
21µs
24µs
25µs
24µs
20µs
21µs
26µs
26µs
21µs
21µs
21µs
30µs
20µs
24µs
25µs
24µs
21µs
21µs
21µs
21µs
21µs
20µs
26µs
25µs
21µs
21µs
25µs
24µs
21µs
21µs
21µs
21µs
21µs
21µs
20µs
21µs
21µs
21µs
21µs
24µs
30µs
21µs
24µs
26µs
25µs
25µs
21µs
26µs
21µs
23µs
21µs
21µs
21µs
28µs
21µs
21µs
21µs
26µs
24µs
50µs
25µs
24µs
23µs
26µs
21µs
26µs
24µs
21µs
21µs
21µs
21µs
23µs
25µs
25µs
25µs
21µs
21µs
21µs
21µs
21µs
25µs
21µs
25µs
25µs
25µs
21µs
21µs
25µs
26µs
29µs
26µs
26µs
21µs
21µs
21µs
24µs
25µs
25µs
25µs
47µs
34µs
26µs
25µs
21µs
21µs
92µs
29µs
50µs
29µs
28µs
27µs
28µs
24µs
26µs
28µs
24µs
23µs
24µs
23µs
23µs
24µs
26µs
24µs
23µs
32µs
23µs
23µs
23µs
23µs
27µs
28µs
23µs
23µs
34µs
28µs
30µs
23µs
23µs
27µs
27µs
27µs
25µs
27µs
23µs
27µs
27µs
26µs
29µs
26µs
33µs
24µs
26µs
32µs
24µs
25µs
31µs
25µs
968µs
21µs
21µs
22µs
39µs
25µs
26µs
21µs
25µs
25µs
24µs
25µs
50µs
22µs
25µs
21µs
24µs
24µs
21µs
26µs
27µs
26µs
27µs
21µs
32µs
21µs
25µs
26µs
21µs
23µs
25µs
25µs
26µs
21µs
25µs
26µs
26µs
21µs
21µs
21µs
26µs
25µs
25µs
25µs
21µs
34µs
25µs
21µs
31µs
26µs
24µs
21µs
21µs
23µs
21µs
23µs
21µs
26µs
25µs
20µs
21µs
26µs
21µs
21µs
21µs
26µs
24µs
25µs
21µs
24µs
24µs
26µs
25µs
21µs
21µs
25µs
21µs
21µs
21µs
21µs
24µs
24µs
21µs
26µs
21µs
24µs
24µs
24µs
25µs
25µs
21µs
22µs
21µs
21µs
21µs
20µs
26µs
21µs
25µs
25µs
24µs
24µs
21µs
21µs
21µs
27µs
25µs
22µs
24µs
25µs
25µs
31µs
28µs
25µs
41µs
24µs
32µs
21µs
27µs
29µs
21µs
21µs
28µs
24µs
25µs
24µs
24µs
26µs
25µs
21µs
21µs
22µs
21µs
26µs
21µs
20µs
32µs
42µs
24µs
21µs
25µs
31µs
25µs
25µs
25µs
21µs
21µs
21µs
24µs
21µs
21µs
21µs
27µs
24µs
24µs
21µs
21µs
21µs
21µs
21µs
21µs
22µs
21µs
21µs
20µs
29µs
24µs
21µs
21µs
25µs
24µs
28µs
27µs
25µs
1067µs
21µs
21µs
20µs
21µs
21µs
29µs
24µs
23µs
24µs
24µs
24µs
24µs
25µs
24µs
24µs
21µs
21µs
21µs
21µs
21µs
24µs
24µs
21µs
21µs
21µs
21µs
21µs
21µs
21µs
21µs
21µs
24µs
24µs
26µs
26µs
21µs
21µs
21µs
20µs
26µs
25µs
25µs
40µs
26µs
26µs
65µs
26µs
21µs
21µs
32µs
25µs
31µs
21µs
25µs
31µs
21µs
21µs
21µs
21µs
27µs
21µs
21µs
21µs
25µs
21µs
24µs
31µs
25µs
25µs
22µs
21µs
25µs
21µs
21µs
21µs
21µs
21µs
21µs
21µs
21µs
21µs
21µs
21µs
21µs
21µs
21µs
27µs
24µs
25µs
26µs
32µs
21µs
28µs
28µs
27µs
24µs
49µs
27µs
28µs
29µs
24µs
29µs
27µs
29µs
24µs
38µs
24µs
21µs
25µs
25µs
22µs
21µs
26µs
21µs
21µs
21µs
21µs
21µs
21µs
21µs
21µs
22µs
21µs
21µs
21µs
22µs
26µs
27µs
25µs
21µs
21µs
21µs
21µs
21µs
25µs
28µs
21µs
26µs
29µs
21µs
21µs
20µs
24µs
26µs
24µs
25µs
24µs
21µs
27µs
24µs
29µs
21µs
21µs
25µs
24µs
21µs
30µs
24µs
24µs
24µs
21µs
21µs
20µs
26µs
21µs
24µs
21µs
21µs
25µs
25µs
24µs
21µs
21µs
25µs
997µs
20µs
21µs
21µs
22µs
23µs
23µs
25µs
21µs
21µs
33µs
22µs
23µs
21µs
21µs
21µs
20µs
21µs
21µs
21µs
21µs
22µs
24µs
21µs
21µs
27µs
25µs
21µs
21µs
21µs
21µs
23µs
25µs
29µs
25µs
24µs
25µs
21µs
21µs
25µs
26µs
24µs
21µs
21µs
25µs
24µs
23µs
21µs
21µs
25µs
25µs
25µs
24µs
24µs
26µs
21µs
21µs
21µs
